22:09:33  INFO     Run 20260505_220933 | split=split4 | model=MODEL4 | epochs=160 | fraction=0.10 | dropout=0.00 | frozen=0
22:09:33  INFO     Loading paths from data/split4
22:09:33  INFO     [train]
22:09:33  INFO         Music    4689 segments
22:09:34  INFO         Speech   4920 segments
22:09:34  INFO         Other    3671 segments
22:09:34  INFO     [val]
22:09:34  INFO         Music    954 segments
22:09:34  INFO         Speech   1022 segments
22:09:34  INFO         Other    927 segments
22:09:34  INFO     [test]
22:09:34  INFO         Music    1051 segments
22:09:34  INFO         Speech   1196 segments
22:09:34  INFO         Other    584 segments
22:09:34  INFO     Subsampled train set to 1328 files (fraction=0.10)
22:09:34  INFO     Class weights: {'Music': '0.99', 'Speech': '0.87', 'Other': '1.18'}
22:09:34  INFO     Building tf.data pipelines (mel spectrograms computed on-the-fly + cached)...
22:09:37  INFO     MobileNetV2: 154/154 layers trainable
22:09:37  INFO     Training | train=1328  val=2903  epochs=160
22:12:04  INFO     epoch   1 | loss 0.3034 | acc 0.9014 | val_loss 4.4149 | val_acc 0.6672 | 146.6s
22:12:07  INFO     epoch   2 | loss 0.1409 | acc 0.9623 | val_loss 18.7493 | val_acc 0.3193 | 2.8s
22:12:10  INFO     epoch   3 | loss 0.0779 | acc 0.9759 | val_loss 16.7464 | val_acc 0.5615 | 2.8s
22:12:13  INFO     epoch   4 | loss 0.0828 | acc 0.9759 | val_loss 5.0686 | val_acc 0.7403 | 2.7s
22:12:16  INFO     epoch   5 | loss 0.0225 | acc 0.9917 | val_loss 3.2014 | val_acc 0.8009 | 2.8s
22:12:19  INFO     epoch   6 | loss 0.0090 | acc 0.9970 | val_loss 1.8476 | val_acc 0.8915 | 2.7s
22:12:22  INFO     epoch   7 | loss 0.0265 | acc 0.9940 | val_loss 4.2749 | val_acc 0.7141 | 2.7s
22:12:25  INFO     epoch   8 | loss 0.0141 | acc 0.9955 | val_loss 6.5478 | val_acc 0.6779 | 2.8s
22:12:28  INFO     epoch   9 | loss 0.0049 | acc 0.9985 | val_loss 5.2311 | val_acc 0.7013 | 2.8s
22:12:31  INFO     epoch  10 | loss 0.0127 | acc 0.9955 | val_loss 15.4284 | val_acc 0.4041 | 2.8s
22:12:33  INFO     epoch  11 | loss 0.0158 | acc 0.9940 | val_loss 14.4576 | val_acc 0.4671 | 2.8s
22:12:36  INFO     epoch  12 | loss 0.0194 | acc 0.9940 | val_loss 15.2506 | val_acc 0.6011 | 2.8s
22:12:39  INFO     epoch  13 | loss 0.0696 | acc 0.9789 | val_loss 4.9608 | val_acc 0.7385 | 2.8s
22:12:42  INFO     epoch  14 | loss 0.0799 | acc 0.9797 | val_loss 22.2916 | val_acc 0.3886 | 2.8s
22:12:45  INFO     epoch  15 | loss 0.0814 | acc 0.9812 | val_loss 3.2806 | val_acc 0.5518 | 2.7s
22:12:47  INFO     epoch  16 | loss 0.0375 | acc 0.9910 | val_loss 3.8174 | val_acc 0.5215 | 2.8s
22:12:50  INFO     epoch  17 | loss 0.0066 | acc 0.9977 | val_loss 1.2975 | val_acc 0.8674 | 2.8s
22:12:53  INFO     epoch  18 | loss 0.0023 | acc 0.9992 | val_loss 1.3499 | val_acc 0.8612 | 2.8s
22:12:56  INFO     epoch  19 | loss 0.0006 | acc 1.0000 | val_loss 1.1061 | val_acc 0.8777 | 2.7s
22:12:58  INFO     epoch  20 | loss 0.0003 | acc 1.0000 | val_loss 0.9601 | val_acc 0.8918 | 2.7s
22:13:02  INFO     epoch  21 | loss 0.0002 | acc 1.0000 | val_loss 0.8824 | val_acc 0.9042 | 2.7s
22:13:05  INFO     epoch  22 | loss 0.0001 | acc 1.0000 | val_loss 0.8460 | val_acc 0.9115 | 2.7s
22:13:08  INFO     epoch  23 | loss 0.0001 | acc 1.0000 | val_loss 0.8338 | val_acc 0.9173 | 2.8s
22:13:11  INFO     epoch  24 | loss 0.0001 | acc 1.0000 | val_loss 0.8390 | val_acc 0.9194 | 2.7s
22:13:14  INFO     epoch  25 | loss 0.0001 | acc 1.0000 | val_loss 0.8529 | val_acc 0.9246 | 2.7s
22:13:18  INFO     epoch  26 | loss 0.0001 | acc 1.0000 | val_loss 0.8671 | val_acc 0.9232 | 2.8s
22:13:20  INFO     epoch  27 | loss 0.0000 | acc 1.0000 | val_loss 0.8804 | val_acc 0.9208 | 2.8s
22:13:23  INFO     epoch  28 | loss 0.0000 | acc 1.0000 | val_loss 0.8890 | val_acc 0.9208 | 2.8s
22:13:26  INFO     epoch  29 | loss 0.0000 | acc 1.0000 | val_loss 0.8885 | val_acc 0.9201 | 2.8s
22:13:29  INFO     epoch  30 | loss 0.0000 | acc 1.0000 | val_loss 0.8821 | val_acc 0.9187 | 2.8s
22:13:31  INFO     epoch  31 | loss 0.0000 | acc 1.0000 | val_loss 0.8684 | val_acc 0.9194 | 2.8s
22:13:34  INFO     epoch  32 | loss 0.0000 | acc 1.0000 | val_loss 0.8462 | val_acc 0.9218 | 2.8s
22:13:37  INFO     epoch  33 | loss 0.0000 | acc 1.0000 | val_loss 0.8172 | val_acc 0.9228 | 2.8s
22:13:40  INFO     epoch  34 | loss 0.0000 | acc 1.0000 | val_loss 0.7818 | val_acc 0.9239 | 2.8s
22:13:43  INFO     epoch  35 | loss 0.0000 | acc 1.0000 | val_loss 0.7412 | val_acc 0.9266 | 2.8s
22:13:46  INFO     epoch  36 | loss 0.0000 | acc 1.0000 | val_loss 0.6978 | val_acc 0.9290 | 2.8s
22:13:49  INFO     epoch  37 | loss 0.0000 | acc 1.0000 | val_loss 0.6537 | val_acc 0.9315 | 2.8s
22:13:52  INFO     epoch  38 | loss 0.0000 | acc 1.0000 | val_loss 0.6098 | val_acc 0.9356 | 2.8s
22:13:56  INFO     epoch  39 | loss 0.0000 | acc 1.0000 | val_loss 0.5681 | val_acc 0.9408 | 2.9s
22:13:59  INFO     epoch  40 | loss 0.0000 | acc 1.0000 | val_loss 0.5285 | val_acc 0.9442 | 2.8s
22:14:02  INFO     epoch  41 | loss 0.0000 | acc 1.0000 | val_loss 0.4903 | val_acc 0.9459 | 2.8s
22:14:05  INFO     epoch  42 | loss 0.0000 | acc 1.0000 | val_loss 0.4542 | val_acc 0.9501 | 2.8s
22:14:09  INFO     epoch  43 | loss 0.0000 | acc 1.0000 | val_loss 0.4206 | val_acc 0.9528 | 2.7s
22:14:12  INFO     epoch  44 | loss 0.0000 | acc 1.0000 | val_loss 0.3894 | val_acc 0.9556 | 2.7s
22:14:15  INFO     epoch  45 | loss 0.0000 | acc 1.0000 | val_loss 0.3608 | val_acc 0.9573 | 2.7s
22:14:18  INFO     epoch  46 | loss 0.0000 | acc 1.0000 | val_loss 0.3349 | val_acc 0.9597 | 2.8s
22:14:22  INFO     epoch  47 | loss 0.0000 | acc 1.0000 | val_loss 0.3117 | val_acc 0.9621 | 2.7s
22:14:25  INFO     epoch  48 | loss 0.0000 | acc 1.0000 | val_loss 0.2910 | val_acc 0.9638 | 2.7s
22:14:28  INFO     epoch  49 | loss 0.0000 | acc 1.0000 | val_loss 0.2728 | val_acc 0.9656 | 2.7s
22:14:31  INFO     epoch  50 | loss 0.0000 | acc 1.0000 | val_loss 0.2570 | val_acc 0.9680 | 2.8s
22:14:34  INFO     epoch  51 | loss 0.0000 | acc 1.0000 | val_loss 0.2432 | val_acc 0.9704 | 2.7s
22:14:37  INFO     epoch  52 | loss 0.0000 | acc 1.0000 | val_loss 0.2311 | val_acc 0.9714 | 2.7s
22:14:41  INFO     epoch  53 | loss 0.0000 | acc 1.0000 | val_loss 0.2204 | val_acc 0.9728 | 2.7s
22:14:44  INFO     epoch  54 | loss 0.0000 | acc 1.0000 | val_loss 0.2108 | val_acc 0.9731 | 2.7s
22:14:47  INFO     epoch  55 | loss 0.0000 | acc 1.0000 | val_loss 0.2024 | val_acc 0.9742 | 2.8s
22:14:50  INFO     epoch  56 | loss 0.0000 | acc 1.0000 | val_loss 0.1951 | val_acc 0.9755 | 2.7s
22:14:53  INFO     epoch  57 | loss 0.0000 | acc 1.0000 | val_loss 0.1886 | val_acc 0.9773 | 2.8s
22:14:57  INFO     epoch  58 | loss 0.0000 | acc 1.0000 | val_loss 0.1830 | val_acc 0.9780 | 2.7s
22:15:00  INFO     epoch  59 | loss 0.0000 | acc 1.0000 | val_loss 0.1780 | val_acc 0.9797 | 2.8s
22:15:03  INFO     epoch  60 | loss 0.0000 | acc 1.0000 | val_loss 0.1736 | val_acc 0.9811 | 2.8s
22:15:06  INFO     epoch  61 | loss 0.0000 | acc 1.0000 | val_loss 0.1697 | val_acc 0.9811 | 2.8s
22:15:09  INFO     epoch  62 | loss 0.0000 | acc 1.0000 | val_loss 0.1662 | val_acc 0.9814 | 2.8s
22:15:12  INFO     epoch  63 | loss 0.0000 | acc 1.0000 | val_loss 0.1630 | val_acc 0.9814 | 2.7s
22:15:15  INFO     epoch  64 | loss 0.0000 | acc 1.0000 | val_loss 0.1600 | val_acc 0.9814 | 2.8s
22:15:18  INFO     epoch  65 | loss 0.0000 | acc 1.0000 | val_loss 0.1573 | val_acc 0.9828 | 2.8s
22:15:21  INFO     epoch  66 | loss 0.0000 | acc 1.0000 | val_loss 0.1547 | val_acc 0.9831 | 2.8s
22:15:25  INFO     epoch  67 | loss 0.0000 | acc 1.0000 | val_loss 0.1522 | val_acc 0.9831 | 2.8s
22:15:28  INFO     epoch  68 | loss 0.0000 | acc 1.0000 | val_loss 0.1498 | val_acc 0.9828 | 2.9s
22:15:30  INFO     epoch  69 | loss 0.0000 | acc 1.0000 | val_loss 0.1476 | val_acc 0.9831 | 2.9s
22:15:33  INFO     epoch  70 | loss 0.0000 | acc 1.0000 | val_loss 0.1454 | val_acc 0.9831 | 2.8s
22:15:36  INFO     epoch  71 | loss 0.0000 | acc 1.0000 | val_loss 0.1433 | val_acc 0.9828 | 2.8s
22:15:39  INFO     epoch  72 | loss 0.0000 | acc 1.0000 | val_loss 0.1413 | val_acc 0.9831 | 2.9s
22:15:42  INFO     epoch  73 | loss 0.0000 | acc 1.0000 | val_loss 0.1393 | val_acc 0.9831 | 2.8s
22:15:45  INFO     epoch  74 | loss 0.0000 | acc 1.0000 | val_loss 0.1375 | val_acc 0.9835 | 2.8s
22:15:48  INFO     epoch  75 | loss 0.0000 | acc 1.0000 | val_loss 0.1357 | val_acc 0.9835 | 2.8s
22:15:51  INFO     epoch  76 | loss 0.0000 | acc 1.0000 | val_loss 0.1339 | val_acc 0.9838 | 2.8s
22:15:54  INFO     epoch  77 | loss 0.0000 | acc 1.0000 | val_loss 0.1323 | val_acc 0.9838 | 2.8s
22:15:57  INFO     epoch  78 | loss 0.0000 | acc 1.0000 | val_loss 0.1306 | val_acc 0.9842 | 2.8s
22:16:00  INFO     epoch  79 | loss 0.0000 | acc 1.0000 | val_loss 0.1290 | val_acc 0.9842 | 2.8s
22:16:03  INFO     epoch  80 | loss 0.0000 | acc 1.0000 | val_loss 0.1275 | val_acc 0.9842 | 2.8s
22:16:06  INFO     epoch  81 | loss 0.0000 | acc 1.0000 | val_loss 0.1261 | val_acc 0.9845 | 2.7s
22:16:09  INFO     epoch  82 | loss 0.0000 | acc 1.0000 | val_loss 0.1247 | val_acc 0.9845 | 2.8s
22:16:11  INFO     epoch  83 | loss 0.0000 | acc 1.0000 | val_loss 0.1234 | val_acc 0.9848 | 2.7s
22:16:15  INFO     epoch  84 | loss 0.0000 | acc 1.0000 | val_loss 0.1222 | val_acc 0.9848 | 2.7s
22:16:17  INFO     epoch  85 | loss 0.0000 | acc 1.0000 | val_loss 0.1210 | val_acc 0.9852 | 2.8s
22:16:21  INFO     epoch  86 | loss 0.0000 | acc 1.0000 | val_loss 0.1198 | val_acc 0.9855 | 2.7s
22:16:24  INFO     epoch  87 | loss 0.0000 | acc 1.0000 | val_loss 0.1187 | val_acc 0.9859 | 2.8s
22:16:27  INFO     epoch  88 | loss 0.0000 | acc 1.0000 | val_loss 0.1176 | val_acc 0.9866 | 2.7s
22:16:30  INFO     epoch  89 | loss 0.0000 | acc 1.0000 | val_loss 0.1166 | val_acc 0.9866 | 2.7s
22:16:33  INFO     epoch  90 | loss 0.0000 | acc 1.0000 | val_loss 0.1156 | val_acc 0.9866 | 2.8s
22:16:36  INFO     epoch  91 | loss 0.0000 | acc 1.0000 | val_loss 0.1146 | val_acc 0.9866 | 2.8s
22:16:39  INFO     epoch  92 | loss 0.0000 | acc 1.0000 | val_loss 0.1137 | val_acc 0.9866 | 2.8s
22:16:41  INFO     epoch  93 | loss 0.0000 | acc 1.0000 | val_loss 0.1127 | val_acc 0.9866 | 2.7s
22:16:44  INFO     epoch  94 | loss 0.0000 | acc 1.0000 | val_loss 0.1118 | val_acc 0.9866 | 2.8s
22:16:47  INFO     epoch  95 | loss 0.0000 | acc 1.0000 | val_loss 0.1109 | val_acc 0.9866 | 2.7s
22:16:49  INFO     epoch  96 | loss 0.0000 | acc 1.0000 | val_loss 0.1100 | val_acc 0.9866 | 2.7s
22:16:52  INFO     epoch  97 | loss 0.0000 | acc 1.0000 | val_loss 0.1092 | val_acc 0.9866 | 2.8s
22:16:55  INFO     epoch  98 | loss 0.0000 | acc 1.0000 | val_loss 0.1084 | val_acc 0.9869 | 2.8s
22:16:58  INFO     epoch  99 | loss 0.0000 | acc 1.0000 | val_loss 0.1077 | val_acc 0.9876 | 2.8s
22:17:02  INFO     epoch 100 | loss 0.0000 | acc 1.0000 | val_loss 0.1070 | val_acc 0.9876 | 2.8s
22:17:04  INFO     epoch 101 | loss 0.0000 | acc 1.0000 | val_loss 0.1063 | val_acc 0.9876 | 2.8s
22:17:07  INFO     epoch 102 | loss 0.0000 | acc 1.0000 | val_loss 0.1056 | val_acc 0.9876 | 2.8s
22:17:10  INFO     epoch 103 | loss 0.0000 | acc 1.0000 | val_loss 0.1050 | val_acc 0.9879 | 2.7s
22:17:13  INFO     epoch 104 | loss 0.0000 | acc 1.0000 | val_loss 0.1045 | val_acc 0.9883 | 2.7s
22:17:16  INFO     epoch 105 | loss 0.0000 | acc 1.0000 | val_loss 0.1040 | val_acc 0.9883 | 2.7s
22:17:19  INFO     epoch 106 | loss 0.0000 | acc 1.0000 | val_loss 0.1036 | val_acc 0.9879 | 2.7s
22:17:22  INFO     epoch 107 | loss 0.0000 | acc 1.0000 | val_loss 0.1032 | val_acc 0.9883 | 2.8s
22:17:24  INFO     epoch 108 | loss 0.0000 | acc 1.0000 | val_loss 0.1029 | val_acc 0.9883 | 2.7s
22:17:27  INFO     epoch 109 | loss 0.0000 | acc 1.0000 | val_loss 0.1026 | val_acc 0.9890 | 2.8s
22:17:30  INFO     epoch 110 | loss 0.0000 | acc 1.0000 | val_loss 0.1023 | val_acc 0.9890 | 2.8s
22:17:33  INFO     epoch 111 | loss 0.0000 | acc 1.0000 | val_loss 0.1021 | val_acc 0.9890 | 2.8s
22:17:36  INFO     epoch 112 | loss 0.0000 | acc 1.0000 | val_loss 0.1019 | val_acc 0.9890 | 2.8s
22:17:39  INFO     epoch 113 | loss 0.0000 | acc 1.0000 | val_loss 0.1018 | val_acc 0.9890 | 2.7s
22:17:41  INFO     epoch 114 | loss 0.0000 | acc 1.0000 | val_loss 0.1017 | val_acc 0.9893 | 2.8s
22:17:45  INFO     epoch 115 | loss 0.0000 | acc 1.0000 | val_loss 0.1016 | val_acc 0.9886 | 2.8s
22:17:47  INFO     epoch 116 | loss 0.0000 | acc 1.0000 | val_loss 0.1016 | val_acc 0.9886 | 2.8s
22:17:50  INFO     epoch 117 | loss 0.0000 | acc 1.0000 | val_loss 0.1016 | val_acc 0.9886 | 2.8s
22:17:53  INFO     epoch 118 | loss 0.0000 | acc 1.0000 | val_loss 0.1016 | val_acc 0.9886 | 2.8s
22:17:56  INFO     epoch 119 | loss 0.0000 | acc 1.0000 | val_loss 0.1016 | val_acc 0.9883 | 2.8s
22:17:59  INFO     epoch 120 | loss 0.0000 | acc 1.0000 | val_loss 0.1017 | val_acc 0.9879 | 2.8s
22:18:01  INFO     epoch 121 | loss 0.0000 | acc 1.0000 | val_loss 0.1018 | val_acc 0.9876 | 2.8s
22:18:04  INFO     epoch 122 | loss 0.0000 | acc 1.0000 | val_loss 0.1019 | val_acc 0.9879 | 2.7s
22:18:07  INFO     epoch 123 | loss 0.0000 | acc 1.0000 | val_loss 0.1020 | val_acc 0.9879 | 2.7s
22:18:10  INFO     epoch 124 | loss 0.0000 | acc 1.0000 | val_loss 0.1022 | val_acc 0.9879 | 2.8s
22:18:12  INFO     epoch 125 | loss 0.0000 | acc 1.0000 | val_loss 0.1023 | val_acc 0.9879 | 2.8s
22:18:15  INFO     epoch 126 | loss 0.0000 | acc 1.0000 | val_loss 0.1025 | val_acc 0.9883 | 2.7s
22:18:18  INFO     epoch 127 | loss 0.0000 | acc 1.0000 | val_loss 0.1027 | val_acc 0.9883 | 2.7s
22:18:21  INFO     epoch 128 | loss 0.0000 | acc 1.0000 | val_loss 0.1029 | val_acc 0.9883 | 2.8s
22:18:23  INFO     epoch 129 | loss 0.0000 | acc 1.0000 | val_loss 0.1032 | val_acc 0.9883 | 2.7s
22:18:26  INFO     epoch 130 | loss 0.0000 | acc 1.0000 | val_loss 0.1034 | val_acc 0.9883 | 2.8s
22:18:29  INFO     epoch 131 | loss 0.0000 | acc 1.0000 | val_loss 0.1036 | val_acc 0.9883 | 2.8s
22:18:32  INFO     epoch 132 | loss 0.0000 | acc 1.0000 | val_loss 0.1038 | val_acc 0.9883 | 2.8s
22:18:34  INFO     epoch 133 | loss 0.0000 | acc 1.0000 | val_loss 0.1040 | val_acc 0.9883 | 2.8s
22:18:37  INFO     epoch 134 | loss 0.0000 | acc 1.0000 | val_loss 0.1042 | val_acc 0.9883 | 2.7s
22:18:40  INFO     epoch 135 | loss 0.0000 | acc 1.0000 | val_loss 0.1045 | val_acc 0.9883 | 2.8s
22:18:43  INFO     epoch 136 | loss 0.0000 | acc 1.0000 | val_loss 0.1047 | val_acc 0.9883 | 2.8s
22:18:46  INFO     epoch 137 | loss 0.0000 | acc 1.0000 | val_loss 0.1049 | val_acc 0.9883 | 2.8s
22:18:48  INFO     epoch 138 | loss 0.0000 | acc 1.0000 | val_loss 0.1051 | val_acc 0.9883 | 2.8s
22:18:51  INFO     epoch 139 | loss 0.0000 | acc 1.0000 | val_loss 0.1054 | val_acc 0.9883 | 2.8s
22:18:54  INFO     epoch 140 | loss 0.0000 | acc 1.0000 | val_loss 0.1056 | val_acc 0.9883 | 2.8s
22:18:57  INFO     epoch 141 | loss 0.0000 | acc 1.0000 | val_loss 0.1058 | val_acc 0.9883 | 2.8s
22:19:00  INFO     epoch 142 | loss 0.0000 | acc 1.0000 | val_loss 0.1061 | val_acc 0.9883 | 2.8s
22:19:02  INFO     epoch 143 | loss 0.0000 | acc 1.0000 | val_loss 0.1063 | val_acc 0.9883 | 2.8s
22:19:05  INFO     epoch 144 | loss 0.0000 | acc 1.0000 | val_loss 0.1065 | val_acc 0.9883 | 2.8s
22:19:08  INFO     epoch 145 | loss 0.0000 | acc 1.0000 | val_loss 0.1068 | val_acc 0.9883 | 2.8s
22:19:11  INFO     epoch 146 | loss 0.0000 | acc 1.0000 | val_loss 0.1070 | val_acc 0.9883 | 2.8s
22:19:14  INFO     epoch 147 | loss 0.0000 | acc 1.0000 | val_loss 0.1072 | val_acc 0.9883 | 2.8s
22:19:16  INFO     epoch 148 | loss 0.0000 | acc 1.0000 | val_loss 0.1074 | val_acc 0.9886 | 2.8s
22:19:19  INFO     epoch 149 | loss 0.0000 | acc 1.0000 | val_loss 0.1077 | val_acc 0.9886 | 2.7s
22:19:22  INFO     epoch 150 | loss 0.0000 | acc 1.0000 | val_loss 0.1079 | val_acc 0.9886 | 2.7s
22:19:25  INFO     epoch 151 | loss 0.0000 | acc 1.0000 | val_loss 0.1081 | val_acc 0.9886 | 2.8s
22:19:27  INFO     epoch 152 | loss 0.0000 | acc 1.0000 | val_loss 0.1083 | val_acc 0.9886 | 2.8s
22:19:30  INFO     epoch 153 | loss 0.0000 | acc 1.0000 | val_loss 0.1086 | val_acc 0.9886 | 2.8s
22:19:33  INFO     epoch 154 | loss 0.0000 | acc 1.0000 | val_loss 0.1088 | val_acc 0.9886 | 2.8s
22:19:36  INFO     epoch 155 | loss 0.0000 | acc 1.0000 | val_loss 0.1090 | val_acc 0.9886 | 2.8s
22:19:38  INFO     epoch 156 | loss 0.0000 | acc 1.0000 | val_loss 0.1092 | val_acc 0.9890 | 2.8s
22:19:41  INFO     epoch 157 | loss 0.0000 | acc 1.0000 | val_loss 0.1094 | val_acc 0.9890 | 2.8s
22:19:44  INFO     epoch 158 | loss 0.0000 | acc 1.0000 | val_loss 0.1097 | val_acc 0.9890 | 2.7s
22:19:47  INFO     epoch 159 | loss 0.0000 | acc 1.0000 | val_loss 0.1099 | val_acc 0.9890 | 2.8s
22:19:50  INFO     epoch 160 | loss 0.0000 | acc 1.0000 | val_loss 0.1101 | val_acc 0.9890 | 2.8s
22:20:32  INFO     Test accuracy=0.9809
              precision    recall  f1-score   support

       Music       1.00      0.96      0.98      1051
      Speech       1.00      0.99      0.99      1196
       Other       0.93      0.99      0.96       584

    accuracy                           0.98      2831
   macro avg       0.97      0.98      0.98      2831
weighted avg       0.98      0.98      0.98      2831

22:20:32  INFO     Best model saved as: models/MODEL4.keras
22:20:33  INFO     Training curves saved: models/mobilenet_split4/training_history.png
22:20:33  INFO     Confusion matrix saved: models/mobilenet_split4/confusion.png
22:20:33  INFO     All outputs saved in: /home/kacper/szum/models/mobilenet_split4
