22:21:12  INFO     Run 20260505_222112 | split=split4 | model=MODEL4 | epochs=100 | fraction=0.10 | dropout=0.00 | frozen=0
22:21:12  INFO     Loading paths from data/split4
22:21:12  INFO     [train]
22:21:12  INFO         Music    4689 segments
22:21:12  INFO         Speech   4920 segments
22:21:12  INFO         Other    3671 segments
22:21:12  INFO     [val]
22:21:12  INFO         Music    954 segments
22:21:12  INFO         Speech   1022 segments
22:21:12  INFO         Other    927 segments
22:21:12  INFO     [test]
22:21:12  INFO         Music    1051 segments
22:21:12  INFO         Speech   1196 segments
22:21:12  INFO         Other    584 segments
22:21:12  INFO     Subsampled train set to 1328 files (fraction=0.10)
22:21:12  INFO     Class weights: {'Music': '0.99', 'Speech': '0.87', 'Other': '1.18'}
22:21:12  INFO     Building tf.data pipelines (mel spectrograms computed on-the-fly + cached)...
22:21:16  INFO     MobileNetV2: 154/154 layers trainable
22:21:16  INFO     Training | train=1328  val=2903  epochs=100
22:23:44  INFO     epoch   1 | loss 0.7287 | acc 0.8245 | val_loss 8.6057 | val_acc 0.3286 | 147.7s
22:23:47  INFO     epoch   2 | loss 0.2730 | acc 0.9232 | val_loss 15.0033 | val_acc 0.3286 | 2.8s
22:23:50  INFO     epoch   3 | loss 0.2088 | acc 0.9495 | val_loss 9.6898 | val_acc 0.3286 | 2.8s
22:23:52  INFO     epoch   4 | loss 0.1559 | acc 0.9488 | val_loss 13.8508 | val_acc 0.3286 | 2.8s
22:23:55  INFO     epoch   5 | loss 0.0722 | acc 0.9804 | val_loss 11.3451 | val_acc 0.3290 | 2.7s
22:23:58  INFO     epoch   6 | loss 0.0676 | acc 0.9834 | val_loss 10.3273 | val_acc 0.4306 | 2.7s
22:24:02  INFO     epoch   7 | loss 0.0588 | acc 0.9857 | val_loss 14.7431 | val_acc 0.4144 | 2.8s
22:24:04  INFO     epoch   8 | loss 0.0656 | acc 0.9834 | val_loss 5.4846 | val_acc 0.6380 | 2.8s
22:24:08  INFO     epoch   9 | loss 0.0386 | acc 0.9910 | val_loss 14.7962 | val_acc 0.3617 | 2.7s
22:24:10  INFO     epoch  10 | loss 0.0254 | acc 0.9917 | val_loss 11.8041 | val_acc 0.4392 | 2.8s
22:24:13  INFO     epoch  11 | loss 0.0255 | acc 0.9902 | val_loss 6.2044 | val_acc 0.6438 | 2.8s
22:24:16  INFO     epoch  12 | loss 0.1114 | acc 0.9684 | val_loss 27.3452 | val_acc 0.3576 | 2.8s
22:24:19  INFO     epoch  13 | loss 0.0597 | acc 0.9812 | val_loss 25.0261 | val_acc 0.5064 | 2.8s
22:24:22  INFO     epoch  14 | loss 0.0772 | acc 0.9797 | val_loss 19.4107 | val_acc 0.6059 | 2.8s
22:24:25  INFO     epoch  15 | loss 0.0156 | acc 0.9940 | val_loss 7.8833 | val_acc 0.6669 | 2.8s
22:24:28  INFO     epoch  16 | loss 0.0096 | acc 0.9970 | val_loss 4.7416 | val_acc 0.7664 | 2.8s
22:24:31  INFO     epoch  17 | loss 0.0163 | acc 0.9962 | val_loss 2.5232 | val_acc 0.8157 | 2.8s
22:24:35  INFO     epoch  18 | loss 0.0042 | acc 1.0000 | val_loss 2.4898 | val_acc 0.8415 | 2.8s
22:24:38  INFO     epoch  19 | loss 0.0026 | acc 0.9992 | val_loss 1.8524 | val_acc 0.8626 | 2.8s
22:24:41  INFO     epoch  20 | loss 0.0009 | acc 1.0000 | val_loss 1.9327 | val_acc 0.8653 | 2.7s
22:24:44  INFO     epoch  21 | loss 0.0003 | acc 1.0000 | val_loss 1.5444 | val_acc 0.8960 | 2.8s
22:24:48  INFO     epoch  22 | loss 0.0001 | acc 1.0000 | val_loss 1.2905 | val_acc 0.9118 | 2.9s
22:24:51  INFO     epoch  23 | loss 0.0001 | acc 1.0000 | val_loss 1.1089 | val_acc 0.9249 | 2.8s
22:24:54  INFO     epoch  24 | loss 0.0001 | acc 1.0000 | val_loss 1.0176 | val_acc 0.9339 | 2.8s
22:24:57  INFO     epoch  25 | loss 0.0001 | acc 1.0000 | val_loss 0.9647 | val_acc 0.9418 | 2.7s
22:25:01  INFO     epoch  26 | loss 0.0001 | acc 1.0000 | val_loss 0.9291 | val_acc 0.9470 | 2.8s
22:25:04  INFO     epoch  27 | loss 0.0000 | acc 1.0000 | val_loss 0.9098 | val_acc 0.9521 | 2.8s
22:25:07  INFO     epoch  28 | loss 0.0000 | acc 1.0000 | val_loss 0.8765 | val_acc 0.9528 | 2.9s
22:25:11  INFO     epoch  29 | loss 0.0000 | acc 1.0000 | val_loss 0.8447 | val_acc 0.9556 | 2.8s
22:25:14  INFO     epoch  30 | loss 0.0000 | acc 1.0000 | val_loss 0.8243 | val_acc 0.9573 | 2.8s
22:25:17  INFO     epoch  31 | loss 0.0000 | acc 1.0000 | val_loss 0.8081 | val_acc 0.9590 | 2.9s
22:25:21  INFO     epoch  32 | loss 0.0000 | acc 1.0000 | val_loss 0.7980 | val_acc 0.9604 | 2.8s
22:25:24  INFO     epoch  33 | loss 0.0000 | acc 1.0000 | val_loss 0.7869 | val_acc 0.9600 | 2.8s
22:25:27  INFO     epoch  34 | loss 0.0000 | acc 1.0000 | val_loss 0.7774 | val_acc 0.9618 | 2.8s
22:25:30  INFO     epoch  35 | loss 0.0000 | acc 1.0000 | val_loss 0.7658 | val_acc 0.9631 | 2.9s
22:25:33  INFO     epoch  36 | loss 0.0000 | acc 1.0000 | val_loss 0.7522 | val_acc 0.9645 | 2.8s
22:25:37  INFO     epoch  37 | loss 0.0000 | acc 1.0000 | val_loss 0.7360 | val_acc 0.9666 | 2.9s
22:25:40  INFO     epoch  38 | loss 0.0000 | acc 1.0000 | val_loss 0.7193 | val_acc 0.9666 | 2.9s
22:25:43  INFO     epoch  39 | loss 0.0000 | acc 1.0000 | val_loss 0.7030 | val_acc 0.9683 | 2.9s
22:25:46  INFO     epoch  40 | loss 0.0000 | acc 1.0000 | val_loss 0.6862 | val_acc 0.9680 | 2.9s
22:25:49  INFO     epoch  41 | loss 0.0000 | acc 1.0000 | val_loss 0.6688 | val_acc 0.9697 | 2.9s
22:25:52  INFO     epoch  42 | loss 0.0000 | acc 1.0000 | val_loss 0.6492 | val_acc 0.9697 | 2.8s
22:25:55  INFO     epoch  43 | loss 0.0000 | acc 1.0000 | val_loss 0.6287 | val_acc 0.9704 | 2.9s
22:25:59  INFO     epoch  44 | loss 0.0000 | acc 1.0000 | val_loss 0.6065 | val_acc 0.9718 | 2.8s
22:26:02  INFO     epoch  45 | loss 0.0000 | acc 1.0000 | val_loss 0.5851 | val_acc 0.9724 | 2.8s
22:26:05  INFO     epoch  46 | loss 0.0000 | acc 1.0000 | val_loss 0.5642 | val_acc 0.9728 | 2.8s
22:26:08  INFO     epoch  47 | loss 0.0000 | acc 1.0000 | val_loss 0.5437 | val_acc 0.9735 | 2.8s
22:26:12  INFO     epoch  48 | loss 0.0000 | acc 1.0000 | val_loss 0.5240 | val_acc 0.9738 | 2.8s
22:26:15  INFO     epoch  49 | loss 0.0000 | acc 1.0000 | val_loss 0.5048 | val_acc 0.9749 | 2.8s
22:26:18  INFO     epoch  50 | loss 0.0000 | acc 1.0000 | val_loss 0.4860 | val_acc 0.9749 | 2.8s
22:26:21  INFO     epoch  51 | loss 0.0000 | acc 1.0000 | val_loss 0.4679 | val_acc 0.9752 | 2.8s
22:26:24  INFO     epoch  52 | loss 0.0000 | acc 1.0000 | val_loss 0.4506 | val_acc 0.9759 | 2.8s
22:26:28  INFO     epoch  53 | loss 0.0000 | acc 1.0000 | val_loss 0.4348 | val_acc 0.9766 | 2.7s
22:26:31  INFO     epoch  54 | loss 0.0000 | acc 1.0000 | val_loss 0.4201 | val_acc 0.9769 | 2.7s
22:26:34  INFO     epoch  55 | loss 0.0000 | acc 1.0000 | val_loss 0.4066 | val_acc 0.9766 | 2.7s
22:26:37  INFO     epoch  56 | loss 0.0000 | acc 1.0000 | val_loss 0.3944 | val_acc 0.9766 | 2.8s
22:26:40  INFO     epoch  57 | loss 0.0000 | acc 1.0000 | val_loss 0.3832 | val_acc 0.9776 | 2.7s
22:26:43  INFO     epoch  58 | loss 0.0000 | acc 1.0000 | val_loss 0.3730 | val_acc 0.9783 | 2.7s
22:26:46  INFO     epoch  59 | loss 0.0000 | acc 1.0000 | val_loss 0.3638 | val_acc 0.9786 | 2.7s
22:26:49  INFO     epoch  60 | loss 0.0000 | acc 1.0000 | val_loss 0.3553 | val_acc 0.9790 | 2.8s
22:26:52  INFO     epoch  61 | loss 0.0000 | acc 1.0000 | val_loss 0.3473 | val_acc 0.9793 | 2.7s
22:26:56  INFO     epoch  62 | loss 0.0000 | acc 1.0000 | val_loss 0.3399 | val_acc 0.9797 | 2.7s
22:26:59  INFO     epoch  63 | loss 0.0000 | acc 1.0000 | val_loss 0.3329 | val_acc 0.9800 | 2.7s
22:27:02  INFO     epoch  64 | loss 0.0000 | acc 1.0000 | val_loss 0.3263 | val_acc 0.9804 | 2.7s
22:27:05  INFO     epoch  65 | loss 0.0000 | acc 1.0000 | val_loss 0.3202 | val_acc 0.9804 | 2.8s
22:27:08  INFO     epoch  66 | loss 0.0000 | acc 1.0000 | val_loss 0.3144 | val_acc 0.9804 | 2.8s
22:27:11  INFO     epoch  67 | loss 0.0000 | acc 1.0000 | val_loss 0.3089 | val_acc 0.9800 | 2.7s
22:27:14  INFO     epoch  68 | loss 0.0000 | acc 1.0000 | val_loss 0.3037 | val_acc 0.9800 | 2.7s
22:27:16  INFO     epoch  69 | loss 0.0000 | acc 1.0000 | val_loss 0.2988 | val_acc 0.9800 | 2.7s
22:27:19  INFO     epoch  70 | loss 0.0000 | acc 1.0000 | val_loss 0.2941 | val_acc 0.9800 | 2.8s
22:27:22  INFO     epoch  71 | loss 0.0000 | acc 1.0000 | val_loss 0.2896 | val_acc 0.9800 | 2.8s
22:27:25  INFO     epoch  72 | loss 0.0000 | acc 1.0000 | val_loss 0.2853 | val_acc 0.9804 | 2.8s
22:27:27  INFO     epoch  73 | loss 0.0000 | acc 1.0000 | val_loss 0.2812 | val_acc 0.9804 | 2.8s
22:27:30  INFO     epoch  74 | loss 0.0000 | acc 1.0000 | val_loss 0.2774 | val_acc 0.9804 | 2.8s
22:27:33  INFO     epoch  75 | loss 0.0000 | acc 1.0000 | val_loss 0.2737 | val_acc 0.9804 | 2.8s
22:27:36  INFO     epoch  76 | loss 0.0000 | acc 1.0000 | val_loss 0.2703 | val_acc 0.9807 | 2.8s
22:27:39  INFO     epoch  77 | loss 0.0000 | acc 1.0000 | val_loss 0.2670 | val_acc 0.9807 | 2.8s
22:27:42  INFO     epoch  78 | loss 0.0000 | acc 1.0000 | val_loss 0.2639 | val_acc 0.9811 | 2.8s
22:27:45  INFO     epoch  79 | loss 0.0000 | acc 1.0000 | val_loss 0.2610 | val_acc 0.9811 | 2.7s
22:27:48  INFO     epoch  80 | loss 0.0000 | acc 1.0000 | val_loss 0.2582 | val_acc 0.9811 | 2.8s
22:27:51  INFO     epoch  81 | loss 0.0000 | acc 1.0000 | val_loss 0.2555 | val_acc 0.9814 | 2.8s
22:27:54  INFO     epoch  82 | loss 0.0000 | acc 1.0000 | val_loss 0.2530 | val_acc 0.9811 | 2.7s
22:27:57  INFO     epoch  83 | loss 0.0000 | acc 1.0000 | val_loss 0.2506 | val_acc 0.9811 | 2.7s
22:27:59  INFO     epoch  84 | loss 0.0000 | acc 1.0000 | val_loss 0.2483 | val_acc 0.9811 | 2.8s
22:28:02  INFO     epoch  85 | loss 0.0000 | acc 1.0000 | val_loss 0.2461 | val_acc 0.9811 | 2.8s
22:28:05  INFO     epoch  86 | loss 0.0000 | acc 1.0000 | val_loss 0.2440 | val_acc 0.9811 | 2.8s
22:28:08  INFO     epoch  87 | loss 0.0000 | acc 1.0000 | val_loss 0.2421 | val_acc 0.9811 | 2.9s
22:28:11  INFO     epoch  88 | loss 0.0000 | acc 1.0000 | val_loss 0.2403 | val_acc 0.9811 | 2.7s
22:28:13  INFO     epoch  89 | loss 0.0000 | acc 1.0000 | val_loss 0.2385 | val_acc 0.9811 | 2.8s
22:28:16  INFO     epoch  90 | loss 0.0000 | acc 1.0000 | val_loss 0.2369 | val_acc 0.9814 | 2.8s
22:28:19  INFO     epoch  91 | loss 0.0000 | acc 1.0000 | val_loss 0.2354 | val_acc 0.9814 | 2.8s
22:28:22  INFO     epoch  92 | loss 0.0000 | acc 1.0000 | val_loss 0.2339 | val_acc 0.9814 | 2.8s
22:28:25  INFO     epoch  93 | loss 0.0000 | acc 1.0000 | val_loss 0.2326 | val_acc 0.9814 | 2.7s
22:28:27  INFO     epoch  94 | loss 0.0000 | acc 1.0000 | val_loss 0.2313 | val_acc 0.9814 | 2.7s
22:28:30  INFO     epoch  95 | loss 0.0000 | acc 1.0000 | val_loss 0.2301 | val_acc 0.9814 | 2.7s
22:28:33  INFO     epoch  96 | loss 0.0000 | acc 1.0000 | val_loss 0.2289 | val_acc 0.9811 | 2.8s
22:28:36  INFO     epoch  97 | loss 0.0000 | acc 1.0000 | val_loss 0.2279 | val_acc 0.9811 | 2.8s
22:28:38  INFO     epoch  98 | loss 0.0000 | acc 1.0000 | val_loss 0.2269 | val_acc 0.9811 | 2.8s
22:28:41  INFO     epoch  99 | loss 0.0000 | acc 1.0000 | val_loss 0.2260 | val_acc 0.9811 | 2.8s
22:28:44  INFO     epoch 100 | loss 0.0000 | acc 1.0000 | val_loss 0.2251 | val_acc 0.9817 | 2.7s
22:29:27  INFO     Test accuracy=0.9777
              precision    recall  f1-score   support

       Music       0.98      0.98      0.98      1051
      Speech       1.00      0.99      0.99      1196
       Other       0.94      0.96      0.95       584

    accuracy                           0.98      2831
   macro avg       0.97      0.97      0.97      2831
weighted avg       0.98      0.98      0.98      2831

22:29:27  INFO     Best model saved as: models/MODEL4.keras
22:29:28  INFO     Training curves saved: models/mobilenet_split4/training_history.png
22:29:28  INFO     Confusion matrix saved: models/mobilenet_split4/confusion.png
22:29:28  INFO     All outputs saved in: /home/kacper/szum/models/mobilenet_split4
