21:29:23  INFO     Run 20260505_212923 | split=split1 | model=MODEL1 | epochs=100 | fraction=0.10 | dropout=0.00 | frozen=100
21:29:23  INFO     Loading paths from data/split1
21:29:23  INFO     [train]
21:29:23  INFO         Music    4833 segments
21:29:23  INFO         Speech   4929 segments
21:29:23  INFO         Other    4640 segments
21:29:23  INFO     [val]
21:29:23  INFO         Music    1021 segments
21:29:23  INFO         Speech   1105 segments
21:29:23  INFO         Other    916 segments
21:29:23  INFO     [test]
21:29:23  INFO         Music    840 segments
21:29:23  INFO         Speech   1104 segments
21:29:23  INFO         Other    976 segments
21:29:23  INFO     Subsampled train set to 1440 files (fraction=0.10)
21:29:23  INFO     Class weights: {'Music': '1.03', 'Speech': '0.99', 'Other': '0.98'}
21:29:23  INFO     Building tf.data pipelines (mel spectrograms computed on-the-fly + cached)...
21:29:27  INFO     MobileNetV2: 54/154 layers trainable
21:29:27  INFO     Training | train=1440  val=3042  epochs=100
21:31:00  INFO     epoch   1 | loss 0.2684 | acc 0.9222 | val_loss 4.4846 | val_acc 0.4556 | 93.0s
21:31:03  INFO     epoch   2 | loss 0.0546 | acc 0.9847 | val_loss 4.7246 | val_acc 0.6321 | 2.2s
21:31:05  INFO     epoch   3 | loss 0.0108 | acc 0.9972 | val_loss 1.5601 | val_acc 0.8264 | 2.2s
21:31:08  INFO     epoch   4 | loss 0.0059 | acc 0.9979 | val_loss 12.6295 | val_acc 0.4438 | 2.2s
21:31:10  INFO     epoch   5 | loss 0.0015 | acc 1.0000 | val_loss 8.5224 | val_acc 0.5611 | 2.2s
21:31:12  INFO     epoch   6 | loss 0.0057 | acc 0.9972 | val_loss 4.7392 | val_acc 0.6861 | 2.1s
21:31:15  INFO     epoch   7 | loss 0.0467 | acc 0.9847 | val_loss 13.0309 | val_acc 0.4385 | 2.1s
21:31:17  INFO     epoch   8 | loss 0.0168 | acc 0.9944 | val_loss 8.8606 | val_acc 0.5148 | 2.1s
21:31:19  INFO     epoch   9 | loss 0.0145 | acc 0.9965 | val_loss 8.1768 | val_acc 0.5306 | 2.1s
21:31:21  INFO     epoch  10 | loss 0.0009 | acc 1.0000 | val_loss 6.6856 | val_acc 0.5838 | 2.1s
21:31:23  INFO     epoch  11 | loss 0.0002 | acc 1.0000 | val_loss 5.8607 | val_acc 0.6114 | 2.1s
21:31:25  INFO     epoch  12 | loss 0.0001 | acc 1.0000 | val_loss 5.1010 | val_acc 0.6486 | 2.1s
21:31:27  INFO     epoch  13 | loss 0.0001 | acc 1.0000 | val_loss 4.4131 | val_acc 0.6769 | 2.1s
21:31:29  INFO     epoch  14 | loss 0.0001 | acc 1.0000 | val_loss 3.7983 | val_acc 0.7097 | 2.1s
21:31:31  INFO     epoch  15 | loss 0.0001 | acc 1.0000 | val_loss 3.2574 | val_acc 0.7373 | 2.1s
21:31:33  INFO     epoch  16 | loss 0.0001 | acc 1.0000 | val_loss 2.7777 | val_acc 0.7600 | 2.1s
21:31:35  INFO     epoch  17 | loss 0.0001 | acc 1.0000 | val_loss 2.3653 | val_acc 0.7896 | 2.1s
21:31:38  INFO     epoch  18 | loss 0.0001 | acc 1.0000 | val_loss 2.0145 | val_acc 0.8116 | 2.1s
21:31:40  INFO     epoch  19 | loss 0.0001 | acc 1.0000 | val_loss 1.7169 | val_acc 0.8300 | 2.1s
21:31:42  INFO     epoch  20 | loss 0.0001 | acc 1.0000 | val_loss 1.4675 | val_acc 0.8537 | 2.1s
21:31:45  INFO     epoch  21 | loss 0.0001 | acc 1.0000 | val_loss 1.2611 | val_acc 0.8692 | 2.1s
21:31:47  INFO     epoch  22 | loss 0.0001 | acc 1.0000 | val_loss 1.0880 | val_acc 0.8820 | 2.0s
21:31:49  INFO     epoch  23 | loss 0.0001 | acc 1.0000 | val_loss 0.9418 | val_acc 0.8951 | 2.1s
21:31:52  INFO     epoch  24 | loss 0.0001 | acc 1.0000 | val_loss 0.8180 | val_acc 0.9050 | 2.0s
21:31:54  INFO     epoch  25 | loss 0.0001 | acc 1.0000 | val_loss 0.7142 | val_acc 0.9152 | 2.1s
21:31:57  INFO     epoch  26 | loss 0.0001 | acc 1.0000 | val_loss 0.6291 | val_acc 0.9260 | 2.2s
21:31:59  INFO     epoch  27 | loss 0.0001 | acc 1.0000 | val_loss 0.5601 | val_acc 0.9329 | 2.1s
21:32:02  INFO     epoch  28 | loss 0.0001 | acc 1.0000 | val_loss 0.5033 | val_acc 0.9412 | 2.1s
21:32:04  INFO     epoch  29 | loss 0.0001 | acc 1.0000 | val_loss 0.4572 | val_acc 0.9441 | 2.1s
21:32:07  INFO     epoch  30 | loss 0.0001 | acc 1.0000 | val_loss 0.4192 | val_acc 0.9477 | 2.1s
21:32:09  INFO     epoch  31 | loss 0.0001 | acc 1.0000 | val_loss 0.3875 | val_acc 0.9517 | 2.1s
21:32:12  INFO     epoch  32 | loss 0.0001 | acc 1.0000 | val_loss 0.3612 | val_acc 0.9553 | 2.1s
21:32:14  INFO     epoch  33 | loss 0.0001 | acc 1.0000 | val_loss 0.3390 | val_acc 0.9576 | 2.1s
21:32:17  INFO     epoch  34 | loss 0.0001 | acc 1.0000 | val_loss 0.3202 | val_acc 0.9606 | 2.1s
21:32:19  INFO     epoch  35 | loss 0.0001 | acc 1.0000 | val_loss 0.3043 | val_acc 0.9619 | 2.1s
21:32:22  INFO     epoch  36 | loss 0.0001 | acc 1.0000 | val_loss 0.2905 | val_acc 0.9642 | 2.1s
21:32:24  INFO     epoch  37 | loss 0.0000 | acc 1.0000 | val_loss 0.2786 | val_acc 0.9642 | 2.1s
21:32:26  INFO     epoch  38 | loss 0.0000 | acc 1.0000 | val_loss 0.2683 | val_acc 0.9645 | 2.1s
21:32:29  INFO     epoch  39 | loss 0.0000 | acc 1.0000 | val_loss 0.2592 | val_acc 0.9661 | 2.1s
21:32:31  INFO     epoch  40 | loss 0.0000 | acc 1.0000 | val_loss 0.2512 | val_acc 0.9671 | 2.1s
21:32:34  INFO     epoch  41 | loss 0.0000 | acc 1.0000 | val_loss 0.2440 | val_acc 0.9675 | 2.2s
21:32:36  INFO     epoch  42 | loss 0.0000 | acc 1.0000 | val_loss 0.2376 | val_acc 0.9681 | 2.1s
21:32:39  INFO     epoch  43 | loss 0.0000 | acc 1.0000 | val_loss 0.2318 | val_acc 0.9684 | 2.1s
21:32:41  INFO     epoch  44 | loss 0.0000 | acc 1.0000 | val_loss 0.2266 | val_acc 0.9684 | 2.1s
21:32:43  INFO     epoch  45 | loss 0.0000 | acc 1.0000 | val_loss 0.2218 | val_acc 0.9704 | 2.1s
21:32:46  INFO     epoch  46 | loss 0.0000 | acc 1.0000 | val_loss 0.2175 | val_acc 0.9711 | 2.1s
21:32:48  INFO     epoch  47 | loss 0.0000 | acc 1.0000 | val_loss 0.2135 | val_acc 0.9711 | 2.1s
21:32:50  INFO     epoch  48 | loss 0.0000 | acc 1.0000 | val_loss 0.2099 | val_acc 0.9714 | 2.1s
21:32:53  INFO     epoch  49 | loss 0.0000 | acc 1.0000 | val_loss 0.2066 | val_acc 0.9717 | 2.2s
21:32:55  INFO     epoch  50 | loss 0.0000 | acc 1.0000 | val_loss 0.2036 | val_acc 0.9717 | 2.1s
21:32:57  INFO     epoch  51 | loss 0.0000 | acc 1.0000 | val_loss 0.2009 | val_acc 0.9711 | 2.1s
21:33:00  INFO     epoch  52 | loss 0.0000 | acc 1.0000 | val_loss 0.1984 | val_acc 0.9714 | 2.1s
21:33:02  INFO     epoch  53 | loss 0.0000 | acc 1.0000 | val_loss 0.1960 | val_acc 0.9714 | 2.1s
21:33:04  INFO     epoch  54 | loss 0.0000 | acc 1.0000 | val_loss 0.1939 | val_acc 0.9714 | 2.1s
21:33:06  INFO     epoch  55 | loss 0.0000 | acc 1.0000 | val_loss 0.1919 | val_acc 0.9717 | 2.1s
21:33:08  INFO     epoch  56 | loss 0.0000 | acc 1.0000 | val_loss 0.1900 | val_acc 0.9724 | 2.2s
21:33:11  INFO     epoch  57 | loss 0.0000 | acc 1.0000 | val_loss 0.1883 | val_acc 0.9724 | 2.1s
21:33:13  INFO     epoch  58 | loss 0.0000 | acc 1.0000 | val_loss 0.1867 | val_acc 0.9724 | 2.2s
21:33:15  INFO     epoch  59 | loss 0.0000 | acc 1.0000 | val_loss 0.1852 | val_acc 0.9724 | 2.2s
21:33:17  INFO     epoch  60 | loss 0.0000 | acc 1.0000 | val_loss 0.1838 | val_acc 0.9724 | 2.1s
21:33:19  INFO     epoch  61 | loss 0.0000 | acc 1.0000 | val_loss 0.1826 | val_acc 0.9724 | 2.2s
21:33:22  INFO     epoch  62 | loss 0.0000 | acc 1.0000 | val_loss 0.1814 | val_acc 0.9730 | 2.2s
21:33:24  INFO     epoch  63 | loss 0.0000 | acc 1.0000 | val_loss 0.1803 | val_acc 0.9730 | 2.1s
21:33:26  INFO     epoch  64 | loss 0.0000 | acc 1.0000 | val_loss 0.1793 | val_acc 0.9730 | 2.1s
21:33:28  INFO     epoch  65 | loss 0.0000 | acc 1.0000 | val_loss 0.1783 | val_acc 0.9734 | 2.1s
21:33:31  INFO     epoch  66 | loss 0.0000 | acc 1.0000 | val_loss 0.1775 | val_acc 0.9734 | 2.2s
21:33:33  INFO     epoch  67 | loss 0.0000 | acc 1.0000 | val_loss 0.1767 | val_acc 0.9734 | 2.1s
21:33:35  INFO     epoch  68 | loss 0.0000 | acc 1.0000 | val_loss 0.1759 | val_acc 0.9734 | 2.2s
21:33:37  INFO     epoch  69 | loss 0.0000 | acc 1.0000 | val_loss 0.1753 | val_acc 0.9737 | 2.1s
21:33:40  INFO     epoch  70 | loss 0.0000 | acc 1.0000 | val_loss 0.1746 | val_acc 0.9737 | 2.1s
21:33:42  INFO     epoch  71 | loss 0.0000 | acc 1.0000 | val_loss 0.1741 | val_acc 0.9737 | 2.1s
21:33:44  INFO     epoch  72 | loss 0.0000 | acc 1.0000 | val_loss 0.1735 | val_acc 0.9737 | 2.1s
21:33:46  INFO     epoch  73 | loss 0.0000 | acc 1.0000 | val_loss 0.1730 | val_acc 0.9740 | 2.2s
21:33:49  INFO     epoch  74 | loss 0.0000 | acc 1.0000 | val_loss 0.1726 | val_acc 0.9740 | 2.1s
21:33:51  INFO     epoch  75 | loss 0.0000 | acc 1.0000 | val_loss 0.1721 | val_acc 0.9740 | 2.1s
21:33:53  INFO     epoch  76 | loss 0.0000 | acc 1.0000 | val_loss 0.1718 | val_acc 0.9737 | 2.1s
21:33:55  INFO     epoch  77 | loss 0.0000 | acc 1.0000 | val_loss 0.1714 | val_acc 0.9740 | 2.2s
21:33:57  INFO     epoch  78 | loss 0.0000 | acc 1.0000 | val_loss 0.1711 | val_acc 0.9740 | 2.1s
21:33:59  INFO     epoch  79 | loss 0.0000 | acc 1.0000 | val_loss 0.1708 | val_acc 0.9740 | 2.0s
21:34:01  INFO     epoch  80 | loss 0.0000 | acc 1.0000 | val_loss 0.1705 | val_acc 0.9740 | 2.1s
21:34:04  INFO     epoch  81 | loss 0.0000 | acc 1.0000 | val_loss 0.1702 | val_acc 0.9740 | 2.1s
21:34:06  INFO     epoch  82 | loss 0.0000 | acc 1.0000 | val_loss 0.1700 | val_acc 0.9740 | 2.1s
21:34:08  INFO     epoch  83 | loss 0.0000 | acc 1.0000 | val_loss 0.1698 | val_acc 0.9740 | 2.2s
21:34:10  INFO     epoch  84 | loss 0.0000 | acc 1.0000 | val_loss 0.1696 | val_acc 0.9740 | 2.1s
21:34:12  INFO     epoch  85 | loss 0.0000 | acc 1.0000 | val_loss 0.1695 | val_acc 0.9737 | 2.2s
21:34:14  INFO     epoch  86 | loss 0.0000 | acc 1.0000 | val_loss 0.1693 | val_acc 0.9737 | 2.2s
21:34:17  INFO     epoch  87 | loss 0.0000 | acc 1.0000 | val_loss 0.1692 | val_acc 0.9737 | 2.2s
21:34:19  INFO     epoch  88 | loss 0.0000 | acc 1.0000 | val_loss 0.1691 | val_acc 0.9737 | 2.2s
21:34:21  INFO     epoch  89 | loss 0.0000 | acc 1.0000 | val_loss 0.1690 | val_acc 0.9737 | 2.1s
21:34:23  INFO     epoch  90 | loss 0.0000 | acc 1.0000 | val_loss 0.1689 | val_acc 0.9737 | 2.1s
21:34:25  INFO     epoch  91 | loss 0.0000 | acc 1.0000 | val_loss 0.1689 | val_acc 0.9737 | 2.2s
21:34:27  INFO     epoch  92 | loss 0.0000 | acc 1.0000 | val_loss 0.1688 | val_acc 0.9737 | 2.2s
21:34:30  INFO     epoch  93 | loss 0.0000 | acc 1.0000 | val_loss 0.1688 | val_acc 0.9740 | 2.2s
21:34:32  INFO     epoch  94 | loss 0.0000 | acc 1.0000 | val_loss 0.1687 | val_acc 0.9740 | 2.2s
21:34:34  INFO     epoch  95 | loss 0.0000 | acc 1.0000 | val_loss 0.1687 | val_acc 0.9740 | 2.1s
21:34:36  INFO     epoch  96 | loss 0.0000 | acc 1.0000 | val_loss 0.1687 | val_acc 0.9740 | 2.1s
21:34:38  INFO     epoch  97 | loss 0.0000 | acc 1.0000 | val_loss 0.1687 | val_acc 0.9740 | 2.1s
21:34:40  INFO     epoch  98 | loss 0.0000 | acc 1.0000 | val_loss 0.1687 | val_acc 0.9740 | 2.1s
21:34:42  INFO     epoch  99 | loss 0.0000 | acc 1.0000 | val_loss 0.1687 | val_acc 0.9740 | 2.1s
21:34:44  INFO     epoch 100 | loss 0.0000 | acc 1.0000 | val_loss 0.1687 | val_acc 0.9740 | 2.2s
21:35:29  INFO     Test accuracy=0.9808
              precision    recall  f1-score   support

       Music       0.98      0.98      0.98       840
      Speech       0.99      0.99      0.99      1104
       Other       0.97      0.97      0.97       976

    accuracy                           0.98      2920
   macro avg       0.98      0.98      0.98      2920
weighted avg       0.98      0.98      0.98      2920

21:35:29  INFO     Best model saved as: models/MODEL1.keras
21:35:30  INFO     Training curves saved: models/mobilenet_split1/training_history.png
21:35:30  INFO     Confusion matrix saved: models/mobilenet_split1/confusion.png
21:35:30  INFO     All outputs saved in: /home/kacper/szum/models/mobilenet_split1
