22:30:13  INFO     Run 20260505_223013 | split=split2 | model=MODEL2 | epochs=50 | fraction=1.00 | dropout=0.30 | frozen=40
22:30:13  INFO     Loading paths from data/split2
22:30:13  INFO     [train]
22:30:13  INFO         Music    6000 segments
22:30:13  INFO         Speech   4940 segments
22:30:13  INFO         Other    4987 segments
22:30:13  INFO     [val]
22:30:13  INFO         Music    1021 segments
22:30:13  INFO         Speech   1105 segments
22:30:13  INFO         Other    916 segments
22:30:13  INFO     [test]
22:30:13  INFO         Music    840 segments
22:30:13  INFO         Speech   1104 segments
22:30:13  INFO         Other    976 segments
22:30:13  INFO     Class weights: {'Music': '0.88', 'Speech': '1.07', 'Other': '1.06'}
22:30:13  INFO     Building tf.data pipelines (mel spectrograms computed on-the-fly + cached)...
22:30:17  INFO     MobileNetV2: 114/154 layers trainable
22:30:17  INFO     Training | train=15927  val=3042  epochs=50
22:34:55  INFO     epoch   1 | loss 0.1571 | acc 0.9619 | val_loss 27.5794 | val_acc 0.3011 | 277.9s
22:35:09  INFO     epoch   2 | loss 0.1982 | acc 0.9571 | val_loss 23.4533 | val_acc 0.6667 | 13.9s
22:35:23  INFO     epoch   3 | loss 0.1640 | acc 0.9584 | val_loss 75.1374 | val_acc 0.3632 | 13.9s
22:35:37  INFO     epoch   4 | loss 0.2380 | acc 0.9567 | val_loss 23.9913 | val_acc 0.4908 | 13.9s
22:35:51  INFO     epoch   5 | loss 0.1838 | acc 0.9596 | val_loss 25.3569 | val_acc 0.5036 | 13.8s
22:36:05  INFO     epoch   6 | loss 0.1516 | acc 0.9655 | val_loss 44.4314 | val_acc 0.4915 | 13.9s
22:36:19  INFO     epoch   7 | loss 0.1740 | acc 0.9670 | val_loss 37.6190 | val_acc 0.3879 | 13.9s
22:36:33  INFO     epoch   8 | loss 0.1573 | acc 0.9679 | val_loss 39.9392 | val_acc 0.5207 | 14.0s
22:36:47  INFO     epoch   9 | loss 0.2201 | acc 0.9539 | val_loss 17.1891 | val_acc 0.3350 | 14.0s
22:37:01  INFO     epoch  10 | loss 0.1082 | acc 0.9737 | val_loss 6.9160 | val_acc 0.5112 | 14.0s
22:37:15  INFO     epoch  11 | loss 0.1251 | acc 0.9741 | val_loss 0.5703 | val_acc 0.8675 | 14.0s
22:37:29  INFO     epoch  12 | loss 0.1100 | acc 0.9756 | val_loss 7.0543 | val_acc 0.3300 | 13.9s
22:37:43  INFO     epoch  13 | loss 0.1072 | acc 0.9710 | val_loss 7.5106 | val_acc 0.4030 | 13.9s
22:37:57  INFO     epoch  14 | loss 0.1334 | acc 0.9754 | val_loss 13.6487 | val_acc 0.6483 | 13.9s
22:38:11  INFO     epoch  15 | loss 0.1244 | acc 0.9774 | val_loss 3.1463 | val_acc 0.6900 | 13.9s
22:38:25  INFO     epoch  16 | loss 0.0832 | acc 0.9784 | val_loss 18.0565 | val_acc 0.3356 | 13.9s
22:38:38  INFO     epoch  17 | loss 0.0626 | acc 0.9840 | val_loss 0.2014 | val_acc 0.9415 | 13.8s
22:38:53  INFO     epoch  18 | loss 0.0598 | acc 0.9849 | val_loss 0.2994 | val_acc 0.9425 | 13.9s
22:39:07  INFO     epoch  19 | loss 0.0564 | acc 0.9854 | val_loss 0.1513 | val_acc 0.9642 | 13.8s
22:39:21  INFO     epoch  20 | loss 0.0428 | acc 0.9882 | val_loss 0.1119 | val_acc 0.9842 | 13.9s
22:39:36  INFO     epoch  21 | loss 0.0326 | acc 0.9915 | val_loss 0.1775 | val_acc 0.9556 | 13.8s
22:39:49  INFO     epoch  22 | loss 0.0245 | acc 0.9933 | val_loss 0.2131 | val_acc 0.9507 | 13.8s
22:40:03  INFO     epoch  23 | loss 0.0374 | acc 0.9913 | val_loss 0.2004 | val_acc 0.9504 | 13.9s
22:40:17  INFO     epoch  24 | loss 0.0303 | acc 0.9916 | val_loss 0.2184 | val_acc 0.9441 | 13.8s
22:40:31  INFO     epoch  25 | loss 0.0220 | acc 0.9937 | val_loss 0.3063 | val_acc 0.9227 | 13.9s
22:40:45  INFO     epoch  26 | loss 0.0185 | acc 0.9957 | val_loss 0.1101 | val_acc 0.9862 | 13.8s
22:40:59  INFO     epoch  27 | loss 0.0220 | acc 0.9943 | val_loss 0.1676 | val_acc 0.9819 | 13.8s
22:41:13  INFO     epoch  28 | loss 0.0245 | acc 0.9930 | val_loss 0.1628 | val_acc 0.9730 | 13.8s
22:41:27  INFO     epoch  29 | loss 0.0199 | acc 0.9949 | val_loss 0.2079 | val_acc 0.9668 | 13.8s
22:41:40  INFO     epoch  30 | loss 0.0160 | acc 0.9964 | val_loss 0.2177 | val_acc 0.9625 | 13.8s
22:41:54  INFO     epoch  31 | loss 0.0177 | acc 0.9950 | val_loss 0.2294 | val_acc 0.9704 | 13.8s
22:42:08  INFO     epoch  32 | loss 0.0288 | acc 0.9932 | val_loss 0.7758 | val_acc 0.8988 | 13.9s
22:42:22  INFO     epoch  33 | loss 0.0349 | acc 0.9917 | val_loss 0.2039 | val_acc 0.9816 | 13.9s
22:42:36  INFO     epoch  34 | loss 0.0222 | acc 0.9937 | val_loss 0.2779 | val_acc 0.9763 | 14.0s
22:42:50  INFO     epoch  35 | loss 0.0131 | acc 0.9967 | val_loss 0.1801 | val_acc 0.9730 | 13.9s
22:43:04  INFO     epoch  36 | loss 0.0092 | acc 0.9976 | val_loss 0.3249 | val_acc 0.9435 | 13.9s
22:43:18  INFO     epoch  37 | loss 0.0174 | acc 0.9957 | val_loss 0.3059 | val_acc 0.9721 | 14.0s
22:43:32  INFO     epoch  38 | loss 0.0121 | acc 0.9972 | val_loss 0.2337 | val_acc 0.9717 | 14.0s
22:43:46  INFO     epoch  39 | loss 0.0220 | acc 0.9947 | val_loss 1.7056 | val_acc 0.7452 | 13.9s
22:43:59  INFO     epoch  40 | loss 0.0140 | acc 0.9966 | val_loss 0.2370 | val_acc 0.9622 | 13.8s
22:44:14  INFO     epoch  41 | loss 0.0127 | acc 0.9971 | val_loss 0.3156 | val_acc 0.9293 | 14.1s
22:44:27  INFO     epoch  42 | loss 0.0094 | acc 0.9975 | val_loss 0.4921 | val_acc 0.9297 | 13.9s
22:44:41  INFO     epoch  43 | loss 0.0134 | acc 0.9975 | val_loss 0.1477 | val_acc 0.9836 | 13.9s
22:44:55  INFO     epoch  44 | loss 0.0212 | acc 0.9944 | val_loss 0.5725 | val_acc 0.9560 | 13.9s
22:45:09  INFO     epoch  45 | loss 0.0097 | acc 0.9978 | val_loss 0.1569 | val_acc 0.9776 | 13.9s
22:45:23  INFO     epoch  46 | loss 0.0100 | acc 0.9976 | val_loss 0.1923 | val_acc 0.9770 | 13.8s
22:45:37  INFO     epoch  47 | loss 0.0085 | acc 0.9979 | val_loss 0.1277 | val_acc 0.9829 | 13.9s
22:45:51  INFO     epoch  48 | loss 0.0099 | acc 0.9977 | val_loss 0.1641 | val_acc 0.9813 | 13.9s
22:46:05  INFO     epoch  49 | loss 0.0137 | acc 0.9967 | val_loss 0.2396 | val_acc 0.9629 | 13.9s
22:46:19  INFO     epoch  50 | loss 0.0066 | acc 0.9984 | val_loss 0.3739 | val_acc 0.9658 | 13.9s
22:47:01  INFO     Test accuracy=0.9575
              precision    recall  f1-score   support

       Music       0.90      0.98      0.94       840
      Speech       0.99      0.97      0.98      1104
       Other       0.98      0.93      0.95       976

    accuracy                           0.96      2920
   macro avg       0.96      0.96      0.96      2920
weighted avg       0.96      0.96      0.96      2920

22:47:02  INFO     Best model saved as: models/MODEL2.keras
22:47:02  INFO     Training curves saved: models/mobilenet_split2/training_history.png
22:47:02  INFO     Confusion matrix saved: models/mobilenet_split2/confusion.png
22:47:02  INFO     All outputs saved in: /home/kacper/szum/models/mobilenet_split2
