21:38:11  INFO     CV | split=split2 | folds=5 | epochs=50 | dropout=0.30 | weights=None
21:38:11  INFO     Loading train+val data from data/split2
21:38:11  INFO     [train]
21:38:11  INFO         Music    6000 segments
21:38:11  INFO         Speech   4940 segments
21:38:11  INFO         Other    4987 segments
21:38:11  INFO     [val]
21:38:11  INFO         Music    1021 segments
21:38:11  INFO         Speech   1105 segments
21:38:11  INFO         Other    916 segments
21:38:11  INFO     CV pool: 18969 segments total
21:38:11  INFO     Loading test data...
21:38:11  INFO     [test]
21:38:11  INFO         Music    840 segments
21:38:11  INFO         Speech   1104 segments
21:38:11  INFO         Other    976 segments
21:38:12  INFO     ============================================================
21:38:12  INFO     FOLD 1 / 5
21:38:12  INFO       train=15175  val=3794
21:42:55  INFO     fold 1 | epoch   1 | loss 0.1806 | acc 0.9431 | val_loss 1.6161 | val_acc 0.3110 | 279.7s
21:43:15  INFO     fold 1 | epoch   2 | loss 0.1664 | acc 0.9533 | val_loss 1.4266 | val_acc 0.3110 | 19.5s
21:43:35  INFO     fold 1 | epoch   3 | loss 0.1590 | acc 0.9567 | val_loss 1.2252 | val_acc 0.3187 | 19.5s
21:43:55  INFO     fold 1 | epoch   4 | loss 0.1473 | acc 0.9551 | val_loss 1.6713 | val_acc 0.3187 | 19.5s
21:44:14  INFO     fold 1 | epoch   5 | loss 0.1084 | acc 0.9710 | val_loss 1.1512 | val_acc 0.3110 | 19.6s
21:44:34  INFO     fold 1 | epoch   6 | loss 0.0777 | acc 0.9788 | val_loss 1.1191 | val_acc 0.3110 | 20.2s
21:44:54  INFO     fold 1 | epoch   7 | loss 0.0568 | acc 0.9844 | val_loss 1.1662 | val_acc 0.3110 | 19.5s
21:45:13  INFO     fold 1 | epoch   8 | loss 0.0405 | acc 0.9893 | val_loss 1.4957 | val_acc 0.3110 | 19.5s
21:45:33  INFO     fold 1 | epoch   9 | loss 0.0535 | acc 0.9841 | val_loss 1.1146 | val_acc 0.4220 | 19.8s
21:45:54  INFO     fold 1 | epoch  10 | loss 0.0518 | acc 0.9850 | val_loss 0.3580 | val_acc 0.8603 | 19.7s
21:46:14  INFO     fold 1 | epoch  11 | loss 0.0392 | acc 0.9892 | val_loss 0.1091 | val_acc 0.9610 | 19.8s
21:46:34  INFO     fold 1 | epoch  12 | loss 0.0354 | acc 0.9903 | val_loss 0.2532 | val_acc 0.9528 | 19.9s
21:46:54  INFO     fold 1 | epoch  13 | loss 0.0363 | acc 0.9897 | val_loss 0.2265 | val_acc 0.9686 | 19.6s
21:47:15  INFO     fold 1 | epoch  14 | loss 0.0410 | acc 0.9881 | val_loss 2.4057 | val_acc 0.8115 | 20.1s
21:47:35  INFO     fold 1 | epoch  15 | loss 0.0291 | acc 0.9918 | val_loss 0.5684 | val_acc 0.9468 | 20.0s
21:47:54  INFO     fold 1 | epoch  16 | loss 0.0444 | acc 0.9870 | val_loss 1.4691 | val_acc 0.8490 | 19.6s
21:48:14  INFO     fold 1 | epoch  17 | loss 0.0485 | acc 0.9854 | val_loss 3.8208 | val_acc 0.8160 | 19.9s
21:48:34  INFO     fold 1 | epoch  18 | loss 0.0293 | acc 0.9914 | val_loss 0.2707 | val_acc 0.9710 | 20.0s
21:48:55  INFO     fold 1 | epoch  19 | loss 0.0252 | acc 0.9929 | val_loss 1.3745 | val_acc 0.8946 | 19.8s
21:49:15  INFO     fold 1 | epoch  20 | loss 0.0273 | acc 0.9920 | val_loss 0.4373 | val_acc 0.9568 | 19.9s
21:49:34  INFO     fold 1 | epoch  21 | loss 0.0297 | acc 0.9916 | val_loss 4.3853 | val_acc 0.8500 | 19.7s
21:49:54  INFO     fold 1 | epoch  22 | loss 0.0267 | acc 0.9920 | val_loss 0.1811 | val_acc 0.9837 | 19.6s
21:50:14  INFO     fold 1 | epoch  23 | loss 0.0180 | acc 0.9942 | val_loss 0.5018 | val_acc 0.9636 | 19.5s
21:50:34  INFO     fold 1 | epoch  24 | loss 0.0145 | acc 0.9958 | val_loss 0.5079 | val_acc 0.9684 | 19.5s
21:50:53  INFO     fold 1 | epoch  25 | loss 0.0201 | acc 0.9944 | val_loss 0.2275 | val_acc 0.9744 | 19.6s
21:51:13  INFO     fold 1 | epoch  26 | loss 0.0140 | acc 0.9962 | val_loss 0.0857 | val_acc 0.9876 | 19.6s
21:51:33  INFO     fold 1 | epoch  27 | loss 0.0231 | acc 0.9926 | val_loss 0.1140 | val_acc 0.9810 | 19.7s
21:51:53  INFO     fold 1 | epoch  28 | loss 0.0207 | acc 0.9942 | val_loss 0.4074 | val_acc 0.9668 | 19.6s
21:52:13  INFO     fold 1 | epoch  29 | loss 0.0109 | acc 0.9966 | val_loss 0.1195 | val_acc 0.9842 | 19.5s
21:52:32  INFO     fold 1 | epoch  30 | loss 0.0175 | acc 0.9951 | val_loss 0.7580 | val_acc 0.9375 | 19.5s
21:52:52  INFO     fold 1 | epoch  31 | loss 0.0181 | acc 0.9945 | val_loss 0.1480 | val_acc 0.9787 | 19.5s
21:53:11  INFO     fold 1 | epoch  32 | loss 0.0112 | acc 0.9965 | val_loss 0.1823 | val_acc 0.9789 | 19.6s
21:53:31  INFO     fold 1 | epoch  33 | loss 0.0103 | acc 0.9962 | val_loss 0.1035 | val_acc 0.9879 | 20.0s
21:53:52  INFO     fold 1 | epoch  34 | loss 0.0130 | acc 0.9963 | val_loss 0.0806 | val_acc 0.9868 | 20.3s
21:54:12  INFO     fold 1 | epoch  35 | loss 0.0254 | acc 0.9929 | val_loss 0.8710 | val_acc 0.9262 | 20.1s
21:54:32  INFO     fold 1 | epoch  36 | loss 0.0133 | acc 0.9959 | val_loss 0.0973 | val_acc 0.9844 | 19.9s
21:54:52  INFO     fold 1 | epoch  37 | loss 0.0104 | acc 0.9964 | val_loss 0.0725 | val_acc 0.9863 | 19.7s
21:55:11  INFO     fold 1 | epoch  38 | loss 0.0116 | acc 0.9960 | val_loss 0.1121 | val_acc 0.9829 | 19.6s
21:55:31  INFO     fold 1 | epoch  39 | loss 0.0165 | acc 0.9939 | val_loss 0.1043 | val_acc 0.9871 | 19.9s
21:55:51  INFO     fold 1 | epoch  40 | loss 0.0100 | acc 0.9972 | val_loss 0.0398 | val_acc 0.9916 | 20.0s
21:56:12  INFO     fold 1 | epoch  41 | loss 0.0093 | acc 0.9974 | val_loss 0.0442 | val_acc 0.9916 | 19.9s
21:56:31  INFO     fold 1 | epoch  42 | loss 0.0069 | acc 0.9982 | val_loss 0.0479 | val_acc 0.9916 | 19.8s
21:56:51  INFO     fold 1 | epoch  43 | loss 0.0165 | acc 0.9951 | val_loss 0.0984 | val_acc 0.9887 | 19.8s
21:57:11  INFO     fold 1 | epoch  44 | loss 0.0086 | acc 0.9976 | val_loss 0.0668 | val_acc 0.9910 | 19.5s
21:57:31  INFO     fold 1 | epoch  45 | loss 0.0066 | acc 0.9980 | val_loss 0.0547 | val_acc 0.9937 | 20.0s
21:57:51  INFO     fold 1 | epoch  46 | loss 0.0085 | acc 0.9974 | val_loss 0.0791 | val_acc 0.9815 | 19.6s
21:58:11  INFO     fold 1 | epoch  47 | loss 0.0082 | acc 0.9977 | val_loss 0.0838 | val_acc 0.9871 | 19.5s
21:58:30  INFO     fold 1 | epoch  48 | loss 0.0120 | acc 0.9959 | val_loss 0.2677 | val_acc 0.9644 | 19.6s
21:58:50  INFO     fold 1 | epoch  49 | loss 0.0137 | acc 0.9953 | val_loss 0.6482 | val_acc 0.9412 | 19.5s
21:59:09  INFO     fold 1 | epoch  50 | loss 0.0057 | acc 0.9980 | val_loss 0.0509 | val_acc 0.9860 | 19.6s
21:59:18  INFO     Fold 1 val accuracy: 0.9937
              precision    recall  f1-score   support

       Music       0.99      1.00      0.99      1405
      Speech       1.00      1.00      1.00      1209
       Other       0.99      0.99      0.99      1180

    accuracy                           0.99      3794
   macro avg       0.99      0.99      0.99      3794
weighted avg       0.99      0.99      0.99      3794

21:59:18  INFO     ============================================================
21:59:18  INFO     FOLD 2 / 5
21:59:18  INFO       train=15175  val=3794
22:03:35  INFO     fold 2 | epoch   1 | loss 0.1767 | acc 0.9455 | val_loss 1.7590 | val_acc 0.3113 | 255.1s
22:03:55  INFO     fold 2 | epoch   2 | loss 0.1985 | acc 0.9447 | val_loss 1.3313 | val_acc 0.3113 | 20.0s
22:04:15  INFO     fold 2 | epoch   3 | loss 0.1704 | acc 0.9553 | val_loss 1.7077 | val_acc 0.3187 | 19.9s
22:04:36  INFO     fold 2 | epoch   4 | loss 0.1186 | acc 0.9668 | val_loss 1.3906 | val_acc 0.3187 | 19.9s
22:04:56  INFO     fold 2 | epoch   5 | loss 0.0838 | acc 0.9777 | val_loss 1.4473 | val_acc 0.3187 | 19.9s
22:05:16  INFO     fold 2 | epoch   6 | loss 0.0685 | acc 0.9806 | val_loss 1.2676 | val_acc 0.3113 | 20.3s
22:05:37  INFO     fold 2 | epoch   7 | loss 0.0652 | acc 0.9815 | val_loss 1.8064 | val_acc 0.3113 | 21.5s
22:05:58  INFO     fold 2 | epoch   8 | loss 0.0593 | acc 0.9828 | val_loss 2.7878 | val_acc 0.3113 | 20.8s
22:06:19  INFO     fold 2 | epoch   9 | loss 0.0479 | acc 0.9871 | val_loss 2.7730 | val_acc 0.3113 | 20.4s
22:06:39  INFO     fold 2 | epoch  10 | loss 0.0568 | acc 0.9846 | val_loss 0.6738 | val_acc 0.7686 | 20.0s
22:06:59  INFO     fold 2 | epoch  11 | loss 0.0479 | acc 0.9886 | val_loss 0.1049 | val_acc 0.9702 | 20.0s
22:07:20  INFO     fold 2 | epoch  12 | loss 0.0431 | acc 0.9878 | val_loss 0.1668 | val_acc 0.9689 | 19.9s
22:07:40  INFO     fold 2 | epoch  13 | loss 0.0581 | acc 0.9837 | val_loss 5.0193 | val_acc 0.7277 | 20.0s
22:08:00  INFO     fold 2 | epoch  14 | loss 0.0435 | acc 0.9879 | val_loss 0.9986 | val_acc 0.8682 | 20.1s
22:08:20  INFO     fold 2 | epoch  15 | loss 0.0324 | acc 0.9902 | val_loss 1.4300 | val_acc 0.8766 | 20.1s
22:08:40  INFO     fold 2 | epoch  16 | loss 0.0379 | acc 0.9891 | val_loss 3.1450 | val_acc 0.8413 | 20.1s
22:09:00  INFO     fold 2 | epoch  17 | loss 0.0249 | acc 0.9931 | val_loss 0.9610 | val_acc 0.8975 | 20.1s
22:09:20  INFO     fold 2 | epoch  18 | loss 0.0409 | acc 0.9891 | val_loss 9.2537 | val_acc 0.6953 | 19.8s
22:09:40  INFO     fold 2 | epoch  19 | loss 0.0268 | acc 0.9914 | val_loss 1.8770 | val_acc 0.8640 | 19.9s
22:10:00  INFO     fold 2 | epoch  20 | loss 0.0311 | acc 0.9921 | val_loss 1.6620 | val_acc 0.8745 | 20.1s
22:10:20  INFO     fold 2 | epoch  21 | loss 0.0186 | acc 0.9946 | val_loss 0.5144 | val_acc 0.9391 | 19.9s
22:10:40  INFO     fold 2 | epoch  22 | loss 0.0335 | acc 0.9903 | val_loss 2.0124 | val_acc 0.8529 | 20.0s
22:11:00  INFO     fold 2 | epoch  23 | loss 0.0163 | acc 0.9957 | val_loss 0.5096 | val_acc 0.9452 | 20.0s
22:11:20  INFO     fold 2 | epoch  24 | loss 0.0194 | acc 0.9949 | val_loss 0.3111 | val_acc 0.9555 | 20.1s
22:11:41  INFO     fold 2 | epoch  25 | loss 0.0099 | acc 0.9974 | val_loss 0.0732 | val_acc 0.9852 | 20.8s
22:12:02  INFO     fold 2 | epoch  26 | loss 0.0171 | acc 0.9953 | val_loss 0.5852 | val_acc 0.9465 | 20.2s
22:12:22  INFO     fold 2 | epoch  27 | loss 0.0245 | acc 0.9933 | val_loss 2.0879 | val_acc 0.8300 | 20.2s
22:12:43  INFO     fold 2 | epoch  28 | loss 0.0180 | acc 0.9957 | val_loss 0.4699 | val_acc 0.9531 | 20.7s
22:13:03  INFO     fold 2 | epoch  29 | loss 0.0210 | acc 0.9943 | val_loss 2.2283 | val_acc 0.8313 | 20.3s
22:13:23  INFO     fold 2 | epoch  30 | loss 0.0160 | acc 0.9957 | val_loss 0.5750 | val_acc 0.9428 | 20.3s
22:13:44  INFO     fold 2 | epoch  31 | loss 0.0154 | acc 0.9955 | val_loss 0.1182 | val_acc 0.9815 | 20.3s
22:14:04  INFO     fold 2 | epoch  32 | loss 0.0165 | acc 0.9957 | val_loss 0.0806 | val_acc 0.9868 | 20.3s
22:14:25  INFO     fold 2 | epoch  33 | loss 0.0136 | acc 0.9965 | val_loss 0.4517 | val_acc 0.9396 | 20.5s
22:14:45  INFO     fold 2 | epoch  34 | loss 0.0158 | acc 0.9962 | val_loss 0.1835 | val_acc 0.9744 | 20.3s
22:15:05  INFO     fold 2 | epoch  35 | loss 0.0099 | acc 0.9970 | val_loss 0.1398 | val_acc 0.9765 | 20.2s
22:15:26  INFO     fold 2 | epoch  36 | loss 0.0099 | acc 0.9978 | val_loss 0.0981 | val_acc 0.9844 | 20.2s
22:15:46  INFO     fold 2 | epoch  37 | loss 0.0159 | acc 0.9955 | val_loss 0.1723 | val_acc 0.9729 | 20.0s
22:16:06  INFO     fold 2 | epoch  38 | loss 0.0117 | acc 0.9972 | val_loss 0.0704 | val_acc 0.9868 | 20.3s
22:16:26  INFO     fold 2 | epoch  39 | loss 0.0165 | acc 0.9946 | val_loss 0.1863 | val_acc 0.9755 | 20.4s
22:16:46  INFO     fold 2 | epoch  40 | loss 0.0110 | acc 0.9968 | val_loss 0.1518 | val_acc 0.9815 | 20.2s
22:17:07  INFO     fold 2 | epoch  41 | loss 0.0107 | acc 0.9971 | val_loss 0.1746 | val_acc 0.9710 | 20.2s
22:17:27  INFO     fold 2 | epoch  42 | loss 0.0068 | acc 0.9983 | val_loss 0.0852 | val_acc 0.9873 | 20.8s
22:17:49  INFO     fold 2 | epoch  43 | loss 0.0188 | acc 0.9949 | val_loss 0.1300 | val_acc 0.9771 | 20.6s
22:18:10  INFO     fold 2 | epoch  44 | loss 0.0072 | acc 0.9979 | val_loss 0.0955 | val_acc 0.9850 | 21.2s
22:18:30  INFO     fold 2 | epoch  45 | loss 0.0101 | acc 0.9974 | val_loss 0.0594 | val_acc 0.9897 | 20.3s
22:18:51  INFO     fold 2 | epoch  46 | loss 0.0076 | acc 0.9982 | val_loss 0.1784 | val_acc 0.9797 | 20.5s
22:19:12  INFO     fold 2 | epoch  47 | loss 0.0070 | acc 0.9983 | val_loss 0.0881 | val_acc 0.9895 | 20.6s
22:19:32  INFO     fold 2 | epoch  48 | loss 0.0101 | acc 0.9974 | val_loss 0.5221 | val_acc 0.9246 | 20.4s
22:19:53  INFO     fold 2 | epoch  49 | loss 0.0073 | acc 0.9982 | val_loss 0.0806 | val_acc 0.9855 | 20.8s
22:20:14  INFO     fold 2 | epoch  50 | loss 0.0042 | acc 0.9987 | val_loss 0.0933 | val_acc 0.9850 | 20.8s
22:20:23  INFO     Fold 2 val accuracy: 0.9897
              precision    recall  f1-score   support

       Music       0.99      0.99      0.99      1404
      Speech       1.00      1.00      1.00      1209
       Other       0.98      0.99      0.98      1181

    accuracy                           0.99      3794
   macro avg       0.99      0.99      0.99      3794
weighted avg       0.99      0.99      0.99      3794

22:20:23  INFO     ============================================================
22:20:23  INFO     FOLD 3 / 5
22:20:23  INFO       train=15175  val=3794
22:24:44  INFO     fold 3 | epoch   1 | loss 0.1940 | acc 0.9355 | val_loss 1.4843 | val_acc 0.3113 | 259.3s
22:25:05  INFO     fold 3 | epoch   2 | loss 0.1605 | acc 0.9527 | val_loss 1.4386 | val_acc 0.3113 | 20.3s
22:25:25  INFO     fold 3 | epoch   3 | loss 0.1626 | acc 0.9562 | val_loss 3.0606 | val_acc 0.3113 | 20.2s
22:25:45  INFO     fold 3 | epoch   4 | loss 0.1508 | acc 0.9560 | val_loss 1.9188 | val_acc 0.3113 | 20.2s
22:26:06  INFO     fold 3 | epoch   5 | loss 0.1169 | acc 0.9698 | val_loss 2.4468 | val_acc 0.3113 | 20.2s
22:26:26  INFO     fold 3 | epoch   6 | loss 0.1131 | acc 0.9696 | val_loss 1.6755 | val_acc 0.3113 | 20.2s
22:26:46  INFO     fold 3 | epoch   7 | loss 0.0996 | acc 0.9727 | val_loss 1.8611 | val_acc 0.3113 | 20.2s
22:27:06  INFO     fold 3 | epoch   8 | loss 0.0854 | acc 0.9769 | val_loss 2.9158 | val_acc 0.3113 | 20.2s
22:27:27  INFO     fold 3 | epoch   9 | loss 0.0672 | acc 0.9807 | val_loss 3.4563 | val_acc 0.3113 | 20.2s
22:27:47  INFO     fold 3 | epoch  10 | loss 0.0581 | acc 0.9824 | val_loss 0.4773 | val_acc 0.8339 | 20.2s
22:28:08  INFO     fold 3 | epoch  11 | loss 0.0587 | acc 0.9828 | val_loss 0.1249 | val_acc 0.9792 | 20.2s
22:28:28  INFO     fold 3 | epoch  12 | loss 0.0402 | acc 0.9885 | val_loss 0.1372 | val_acc 0.9792 | 20.2s
22:28:49  INFO     fold 3 | epoch  13 | loss 0.0409 | acc 0.9885 | val_loss 0.1680 | val_acc 0.9697 | 20.2s
22:29:09  INFO     fold 3 | epoch  14 | loss 0.0586 | acc 0.9825 | val_loss 8.6508 | val_acc 0.4491 | 20.2s
22:29:29  INFO     fold 3 | epoch  15 | loss 0.0492 | acc 0.9870 | val_loss 1.7164 | val_acc 0.8809 | 20.5s
22:29:49  INFO     fold 3 | epoch  16 | loss 0.0279 | acc 0.9923 | val_loss 0.4570 | val_acc 0.9671 | 20.1s
22:30:09  INFO     fold 3 | epoch  17 | loss 0.0313 | acc 0.9911 | val_loss 2.0179 | val_acc 0.8614 | 20.1s
22:30:30  INFO     fold 3 | epoch  18 | loss 0.0259 | acc 0.9926 | val_loss 1.5266 | val_acc 0.8772 | 20.1s
22:30:50  INFO     fold 3 | epoch  19 | loss 0.0245 | acc 0.9929 | val_loss 2.2770 | val_acc 0.8853 | 20.1s
22:31:10  INFO     fold 3 | epoch  20 | loss 0.0224 | acc 0.9939 | val_loss 0.6466 | val_acc 0.9584 | 20.0s
22:31:30  INFO     fold 3 | epoch  21 | loss 0.0296 | acc 0.9918 | val_loss 1.3790 | val_acc 0.9109 | 20.1s
22:31:50  INFO     fold 3 | epoch  22 | loss 0.0303 | acc 0.9916 | val_loss 1.2957 | val_acc 0.9091 | 20.1s
22:32:10  INFO     fold 3 | epoch  23 | loss 0.0206 | acc 0.9949 | val_loss 0.3631 | val_acc 0.9599 | 20.1s
22:32:30  INFO     fold 3 | epoch  24 | loss 0.0193 | acc 0.9945 | val_loss 1.0002 | val_acc 0.9133 | 20.1s
22:32:50  INFO     fold 3 | epoch  25 | loss 0.0261 | acc 0.9933 | val_loss 0.6287 | val_acc 0.9507 | 20.1s
22:33:10  INFO     fold 3 | epoch  26 | loss 0.0178 | acc 0.9955 | val_loss 1.1325 | val_acc 0.9133 | 20.1s
22:33:31  INFO     fold 3 | epoch  27 | loss 0.0129 | acc 0.9966 | val_loss 0.0950 | val_acc 0.9826 | 20.1s
22:33:51  INFO     fold 3 | epoch  28 | loss 0.0226 | acc 0.9938 | val_loss 0.9312 | val_acc 0.9275 | 20.1s
22:34:11  INFO     fold 3 | epoch  29 | loss 0.0157 | acc 0.9954 | val_loss 0.2577 | val_acc 0.9726 | 20.1s
22:34:32  INFO     fold 3 | epoch  30 | loss 0.0164 | acc 0.9952 | val_loss 0.1290 | val_acc 0.9815 | 20.1s
22:34:52  INFO     fold 3 | epoch  31 | loss 0.0183 | acc 0.9949 | val_loss 0.2698 | val_acc 0.9678 | 20.1s
22:35:12  INFO     fold 3 | epoch  32 | loss 0.0121 | acc 0.9974 | val_loss 0.3805 | val_acc 0.9689 | 20.1s
22:35:32  INFO     fold 3 | epoch  33 | loss 0.0130 | acc 0.9965 | val_loss 0.1272 | val_acc 0.9768 | 20.1s
22:35:52  INFO     fold 3 | epoch  34 | loss 0.0166 | acc 0.9960 | val_loss 0.4589 | val_acc 0.9404 | 20.1s
22:36:12  INFO     fold 3 | epoch  35 | loss 0.0127 | acc 0.9964 | val_loss 0.1507 | val_acc 0.9787 | 20.1s
22:36:32  INFO     fold 3 | epoch  36 | loss 0.0120 | acc 0.9971 | val_loss 0.4110 | val_acc 0.9607 | 20.1s
22:36:52  INFO     fold 3 | epoch  37 | loss 0.0142 | acc 0.9960 | val_loss 0.1372 | val_acc 0.9837 | 20.2s
22:37:13  INFO     fold 3 | epoch  38 | loss 0.0098 | acc 0.9972 | val_loss 0.1075 | val_acc 0.9866 | 20.1s
22:37:34  INFO     fold 3 | epoch  39 | loss 0.0092 | acc 0.9976 | val_loss 0.1292 | val_acc 0.9758 | 20.1s
22:37:54  INFO     fold 3 | epoch  40 | loss 0.0097 | acc 0.9978 | val_loss 0.0668 | val_acc 0.9900 | 20.1s
22:38:15  INFO     fold 3 | epoch  41 | loss 0.0066 | acc 0.9985 | val_loss 0.0846 | val_acc 0.9879 | 20.1s
22:38:35  INFO     fold 3 | epoch  42 | loss 0.0213 | acc 0.9937 | val_loss 0.4329 | val_acc 0.9681 | 20.2s
22:38:55  INFO     fold 3 | epoch  43 | loss 0.0096 | acc 0.9974 | val_loss 0.0800 | val_acc 0.9879 | 20.2s
22:39:15  INFO     fold 3 | epoch  44 | loss 0.0078 | acc 0.9978 | val_loss 0.0672 | val_acc 0.9884 | 20.1s
22:39:35  INFO     fold 3 | epoch  45 | loss 0.0063 | acc 0.9978 | val_loss 0.0731 | val_acc 0.9895 | 20.1s
22:39:55  INFO     fold 3 | epoch  46 | loss 0.0123 | acc 0.9965 | val_loss 0.2546 | val_acc 0.9689 | 20.2s
22:40:16  INFO     fold 3 | epoch  47 | loss 0.0117 | acc 0.9964 | val_loss 0.1052 | val_acc 0.9837 | 20.1s
22:40:36  INFO     fold 3 | epoch  48 | loss 0.0063 | acc 0.9979 | val_loss 0.0790 | val_acc 0.9868 | 20.1s
22:40:56  INFO     fold 3 | epoch  49 | loss 0.0058 | acc 0.9983 | val_loss 0.0494 | val_acc 0.9902 | 20.1s
22:41:16  INFO     fold 3 | epoch  50 | loss 0.0027 | acc 0.9992 | val_loss 0.0676 | val_acc 0.9902 | 20.1s
22:41:25  INFO     Fold 3 val accuracy: 0.9902
              precision    recall  f1-score   support

       Music       0.99      0.99      0.99      1404
      Speech       1.00      1.00      1.00      1209
       Other       0.99      0.98      0.98      1181

    accuracy                           0.99      3794
   macro avg       0.99      0.99      0.99      3794
weighted avg       0.99      0.99      0.99      3794

22:41:25  INFO     ============================================================
22:41:25  INFO     FOLD 4 / 5
22:41:25  INFO       train=15175  val=3794
22:45:41  INFO     fold 4 | epoch   1 | loss 0.2053 | acc 0.9336 | val_loss 1.4321 | val_acc 0.3113 | 253.9s
22:46:02  INFO     fold 4 | epoch   2 | loss 0.1642 | acc 0.9533 | val_loss 1.3267 | val_acc 0.3113 | 20.1s
22:46:22  INFO     fold 4 | epoch   3 | loss 0.1332 | acc 0.9628 | val_loss 1.4920 | val_acc 0.3187 | 20.1s
22:46:43  INFO     fold 4 | epoch   4 | loss 0.0936 | acc 0.9752 | val_loss 1.2733 | val_acc 0.3187 | 20.0s
22:47:03  INFO     fold 4 | epoch   5 | loss 0.0809 | acc 0.9770 | val_loss 1.2793 | val_acc 0.3113 | 20.2s
22:47:23  INFO     fold 4 | epoch   6 | loss 0.0681 | acc 0.9801 | val_loss 1.5755 | val_acc 0.3113 | 20.2s
22:47:43  INFO     fold 4 | epoch   7 | loss 0.0480 | acc 0.9860 | val_loss 2.2118 | val_acc 0.3113 | 20.1s
22:48:03  INFO     fold 4 | epoch   8 | loss 0.0498 | acc 0.9858 | val_loss 2.5270 | val_acc 0.3113 | 20.1s
22:48:23  INFO     fold 4 | epoch   9 | loss 0.0392 | acc 0.9895 | val_loss 2.8769 | val_acc 0.3113 | 20.3s
22:48:44  INFO     fold 4 | epoch  10 | loss 0.0414 | acc 0.9877 | val_loss 0.3195 | val_acc 0.8917 | 20.2s
22:49:04  INFO     fold 4 | epoch  11 | loss 0.0417 | acc 0.9879 | val_loss 0.3024 | val_acc 0.9220 | 20.1s
22:49:25  INFO     fold 4 | epoch  12 | loss 0.0408 | acc 0.9883 | val_loss 0.1829 | val_acc 0.9663 | 20.2s
22:49:46  INFO     fold 4 | epoch  13 | loss 0.0505 | acc 0.9863 | val_loss 1.1614 | val_acc 0.9170 | 20.1s
22:50:06  INFO     fold 4 | epoch  14 | loss 0.0317 | acc 0.9907 | val_loss 2.6130 | val_acc 0.8843 | 20.1s
22:50:26  INFO     fold 4 | epoch  15 | loss 0.0319 | acc 0.9902 | val_loss 2.1333 | val_acc 0.8392 | 20.1s
22:50:46  INFO     fold 4 | epoch  16 | loss 0.0263 | acc 0.9925 | val_loss 0.5931 | val_acc 0.9512 | 20.1s
22:51:06  INFO     fold 4 | epoch  17 | loss 0.0319 | acc 0.9913 | val_loss 2.4605 | val_acc 0.6763 | 20.1s
22:51:26  INFO     fold 4 | epoch  18 | loss 0.0255 | acc 0.9928 | val_loss 1.0597 | val_acc 0.9212 | 20.1s
22:51:46  INFO     fold 4 | epoch  19 | loss 0.0287 | acc 0.9924 | val_loss 1.1712 | val_acc 0.9259 | 20.1s
22:52:06  INFO     fold 4 | epoch  20 | loss 0.0211 | acc 0.9950 | val_loss 1.0016 | val_acc 0.9344 | 20.0s
22:52:27  INFO     fold 4 | epoch  21 | loss 0.0189 | acc 0.9948 | val_loss 5.0467 | val_acc 0.7441 | 20.0s
22:52:47  INFO     fold 4 | epoch  22 | loss 0.0247 | acc 0.9931 | val_loss 2.0720 | val_acc 0.8498 | 20.1s
22:53:07  INFO     fold 4 | epoch  23 | loss 0.0191 | acc 0.9953 | val_loss 3.6352 | val_acc 0.8469 | 20.2s
22:53:27  INFO     fold 4 | epoch  24 | loss 0.0156 | acc 0.9961 | val_loss 1.2169 | val_acc 0.8991 | 20.1s
22:53:47  INFO     fold 4 | epoch  25 | loss 0.0226 | acc 0.9945 | val_loss 0.8950 | val_acc 0.9009 | 20.1s
22:54:07  INFO     fold 4 | epoch  26 | loss 0.0200 | acc 0.9950 | val_loss 0.4293 | val_acc 0.9684 | 20.2s
22:54:33  INFO     fold 4 | epoch  27 | loss 0.0200 | acc 0.9947 | val_loss 0.9227 | val_acc 0.9357 | 21.2s
22:54:53  INFO     fold 4 | epoch  28 | loss 0.0146 | acc 0.9961 | val_loss 1.7738 | val_acc 0.9041 | 20.2s
22:55:14  INFO     fold 4 | epoch  29 | loss 0.0144 | acc 0.9962 | val_loss 0.6369 | val_acc 0.9436 | 20.4s
22:55:34  INFO     fold 4 | epoch  30 | loss 0.0169 | acc 0.9953 | val_loss 0.4674 | val_acc 0.9533 | 20.2s
22:55:54  INFO     fold 4 | epoch  31 | loss 0.0183 | acc 0.9949 | val_loss 0.3485 | val_acc 0.9655 | 20.2s
22:56:14  INFO     fold 4 | epoch  32 | loss 0.0133 | acc 0.9964 | val_loss 0.1519 | val_acc 0.9742 | 20.1s
22:56:35  INFO     fold 4 | epoch  33 | loss 0.0181 | acc 0.9953 | val_loss 0.0602 | val_acc 0.9871 | 20.2s
22:56:56  INFO     fold 4 | epoch  34 | loss 0.0091 | acc 0.9975 | val_loss 0.0726 | val_acc 0.9850 | 20.2s
22:57:16  INFO     fold 4 | epoch  35 | loss 0.0136 | acc 0.9957 | val_loss 0.1475 | val_acc 0.9792 | 20.1s
22:57:37  INFO     fold 4 | epoch  36 | loss 0.0137 | acc 0.9962 | val_loss 2.8940 | val_acc 0.8545 | 21.0s
22:57:57  INFO     fold 4 | epoch  37 | loss 0.0121 | acc 0.9965 | val_loss 0.1049 | val_acc 0.9873 | 20.2s
22:58:19  INFO     fold 4 | epoch  38 | loss 0.0098 | acc 0.9974 | val_loss 0.1056 | val_acc 0.9842 | 20.3s
22:58:39  INFO     fold 4 | epoch  39 | loss 0.0083 | acc 0.9973 | val_loss 0.1175 | val_acc 0.9815 | 20.2s
22:58:59  INFO     fold 4 | epoch  40 | loss 0.0156 | acc 0.9957 | val_loss 0.2354 | val_acc 0.9599 | 20.1s
22:59:19  INFO     fold 4 | epoch  41 | loss 0.0064 | acc 0.9984 | val_loss 0.0623 | val_acc 0.9889 | 20.1s
22:59:40  INFO     fold 4 | epoch  42 | loss 0.0081 | acc 0.9980 | val_loss 0.1023 | val_acc 0.9837 | 20.2s
23:00:00  INFO     fold 4 | epoch  43 | loss 0.0199 | acc 0.9943 | val_loss 0.4038 | val_acc 0.9549 | 20.2s
23:00:20  INFO     fold 4 | epoch  44 | loss 0.0094 | acc 0.9972 | val_loss 0.0821 | val_acc 0.9866 | 20.1s
23:00:40  INFO     fold 4 | epoch  45 | loss 0.0072 | acc 0.9975 | val_loss 0.0929 | val_acc 0.9781 | 20.1s
23:01:00  INFO     fold 4 | epoch  46 | loss 0.0094 | acc 0.9971 | val_loss 0.0634 | val_acc 0.9868 | 20.1s
23:01:20  INFO     fold 4 | epoch  47 | loss 0.0045 | acc 0.9984 | val_loss 0.0444 | val_acc 0.9921 | 20.1s
23:01:41  INFO     fold 4 | epoch  48 | loss 0.0148 | acc 0.9958 | val_loss 0.3072 | val_acc 0.9591 | 20.1s
23:02:01  INFO     fold 4 | epoch  49 | loss 0.0080 | acc 0.9976 | val_loss 0.1332 | val_acc 0.9729 | 20.1s
23:02:21  INFO     fold 4 | epoch  50 | loss 0.0064 | acc 0.9980 | val_loss 0.0557 | val_acc 0.9902 | 20.2s
23:02:31  INFO     Fold 4 val accuracy: 0.9921
              precision    recall  f1-score   support

       Music       0.99      1.00      0.99      1404
      Speech       0.99      0.99      0.99      1209
       Other       0.99      0.99      0.99      1181

    accuracy                           0.99      3794
   macro avg       0.99      0.99      0.99      3794
weighted avg       0.99      0.99      0.99      3794

23:02:32  INFO     ============================================================
23:02:32  INFO     FOLD 5 / 5
23:02:32  INFO       train=15176  val=3793
23:07:27  INFO     fold 5 | epoch   1 | loss 0.1854 | acc 0.9393 | val_loss 1.7598 | val_acc 0.3111 | 293.0s
23:07:48  INFO     fold 5 | epoch   2 | loss 0.1343 | acc 0.9629 | val_loss 1.1448 | val_acc 0.3111 | 20.7s
23:08:08  INFO     fold 5 | epoch   3 | loss 0.1469 | acc 0.9611 | val_loss 1.8260 | val_acc 0.3111 | 20.4s
23:08:29  INFO     fold 5 | epoch   4 | loss 0.1390 | acc 0.9639 | val_loss 2.3431 | val_acc 0.3111 | 20.9s
23:08:50  INFO     fold 5 | epoch   5 | loss 0.1537 | acc 0.9568 | val_loss 1.7359 | val_acc 0.3111 | 21.2s
23:09:12  INFO     fold 5 | epoch   6 | loss 0.0998 | acc 0.9736 | val_loss 2.2869 | val_acc 0.3111 | 21.2s
23:09:33  INFO     fold 5 | epoch   7 | loss 0.0805 | acc 0.9784 | val_loss 2.4811 | val_acc 0.3111 | 21.0s
23:09:54  INFO     fold 5 | epoch   8 | loss 0.0727 | acc 0.9799 | val_loss 1.8704 | val_acc 0.3111 | 21.1s
23:10:15  INFO     fold 5 | epoch   9 | loss 0.0650 | acc 0.9819 | val_loss 1.9136 | val_acc 0.4935 | 21.7s
23:10:37  INFO     fold 5 | epoch  10 | loss 0.0570 | acc 0.9848 | val_loss 1.4605 | val_acc 0.5584 | 21.0s
23:11:02  INFO     fold 5 | epoch  11 | loss 0.0501 | acc 0.9860 | val_loss 0.0801 | val_acc 0.9821 | 24.2s
23:11:24  INFO     fold 5 | epoch  12 | loss 0.0502 | acc 0.9870 | val_loss 0.6791 | val_acc 0.9204 | 21.0s
23:11:44  INFO     fold 5 | epoch  13 | loss 0.0575 | acc 0.9846 | val_loss 0.5042 | val_acc 0.9438 | 20.6s
23:12:05  INFO     fold 5 | epoch  14 | loss 0.0413 | acc 0.9887 | val_loss 0.6056 | val_acc 0.8835 | 20.8s
23:12:26  INFO     fold 5 | epoch  15 | loss 0.0325 | acc 0.9905 | val_loss 0.4494 | val_acc 0.9317 | 20.7s
23:12:47  INFO     fold 5 | epoch  16 | loss 0.0271 | acc 0.9930 | val_loss 0.4883 | val_acc 0.9423 | 20.9s
23:13:08  INFO     fold 5 | epoch  17 | loss 0.0475 | acc 0.9855 | val_loss 0.3782 | val_acc 0.9462 | 21.4s
23:13:30  INFO     fold 5 | epoch  18 | loss 0.0339 | acc 0.9906 | val_loss 1.0475 | val_acc 0.8916 | 21.4s
23:13:51  INFO     fold 5 | epoch  19 | loss 0.0371 | acc 0.9896 | val_loss 0.4112 | val_acc 0.9293 | 21.4s
23:14:12  INFO     fold 5 | epoch  20 | loss 0.0228 | acc 0.9947 | val_loss 0.2226 | val_acc 0.9652 | 21.0s
23:14:34  INFO     fold 5 | epoch  21 | loss 0.0272 | acc 0.9922 | val_loss 0.3849 | val_acc 0.9623 | 22.0s
23:14:55  INFO     fold 5 | epoch  22 | loss 0.0245 | acc 0.9935 | val_loss 0.3663 | val_acc 0.9541 | 21.3s
23:15:16  INFO     fold 5 | epoch  23 | loss 0.0255 | acc 0.9932 | val_loss 0.1489 | val_acc 0.9765 | 21.1s
23:15:37  INFO     fold 5 | epoch  24 | loss 0.0227 | acc 0.9930 | val_loss 0.4508 | val_acc 0.8837 | 21.0s
23:15:58  INFO     fold 5 | epoch  25 | loss 0.0250 | acc 0.9925 | val_loss 0.1393 | val_acc 0.9750 | 20.8s
23:16:28  INFO     fold 5 | epoch  26 | loss 0.0221 | acc 0.9943 | val_loss 0.1160 | val_acc 0.9802 | 29.8s
23:16:49  INFO     fold 5 | epoch  27 | loss 0.0209 | acc 0.9942 | val_loss 0.0851 | val_acc 0.9844 | 20.8s
23:17:10  INFO     fold 5 | epoch  28 | loss 0.0129 | acc 0.9962 | val_loss 0.3795 | val_acc 0.9507 | 20.7s
23:17:31  INFO     fold 5 | epoch  29 | loss 0.0180 | acc 0.9945 | val_loss 1.4553 | val_acc 0.8669 | 20.6s
23:17:51  INFO     fold 5 | epoch  30 | loss 0.0187 | acc 0.9953 | val_loss 0.1355 | val_acc 0.9744 | 20.4s
23:18:12  INFO     fold 5 | epoch  31 | loss 0.0122 | acc 0.9968 | val_loss 0.1300 | val_acc 0.9784 | 20.6s
23:18:33  INFO     fold 5 | epoch  32 | loss 0.0222 | acc 0.9940 | val_loss 0.6239 | val_acc 0.9180 | 20.8s
23:18:54  INFO     fold 5 | epoch  33 | loss 0.0117 | acc 0.9968 | val_loss 0.0890 | val_acc 0.9829 | 21.4s
23:19:16  INFO     fold 5 | epoch  34 | loss 0.0116 | acc 0.9963 | val_loss 0.0899 | val_acc 0.9802 | 22.1s
23:19:38  INFO     fold 5 | epoch  35 | loss 0.0230 | acc 0.9935 | val_loss 0.1806 | val_acc 0.9763 | 22.0s
23:20:00  INFO     fold 5 | epoch  36 | loss 0.0100 | acc 0.9967 | val_loss 0.1984 | val_acc 0.9610 | 21.9s
23:20:22  INFO     fold 5 | epoch  37 | loss 0.0101 | acc 0.9967 | val_loss 0.0829 | val_acc 0.9834 | 22.0s
23:20:44  INFO     fold 5 | epoch  38 | loss 0.0105 | acc 0.9968 | val_loss 0.0644 | val_acc 0.9855 | 21.9s
23:21:07  INFO     fold 5 | epoch  39 | loss 0.0124 | acc 0.9964 | val_loss 0.2349 | val_acc 0.9570 | 21.9s
23:21:29  INFO     fold 5 | epoch  40 | loss 0.0076 | acc 0.9977 | val_loss 0.5697 | val_acc 0.9032 | 22.2s
23:21:51  INFO     fold 5 | epoch  41 | loss 0.0096 | acc 0.9970 | val_loss 0.0700 | val_acc 0.9868 | 22.1s
23:22:14  INFO     fold 5 | epoch  42 | loss 0.0091 | acc 0.9974 | val_loss 0.0895 | val_acc 0.9826 | 22.1s
23:22:36  INFO     fold 5 | epoch  43 | loss 0.0109 | acc 0.9966 | val_loss 0.0844 | val_acc 0.9852 | 22.0s
23:22:57  INFO     fold 5 | epoch  44 | loss 0.0139 | acc 0.9955 | val_loss 0.1534 | val_acc 0.9715 | 20.9s
23:23:17  INFO     fold 5 | epoch  45 | loss 0.0040 | acc 0.9989 | val_loss 0.0708 | val_acc 0.9815 | 20.6s
23:23:39  INFO     fold 5 | epoch  46 | loss 0.0075 | acc 0.9978 | val_loss 0.1970 | val_acc 0.9734 | 22.0s
23:24:02  INFO     fold 5 | epoch  47 | loss 0.0142 | acc 0.9956 | val_loss 0.4247 | val_acc 0.9518 | 22.0s
23:24:23  INFO     fold 5 | epoch  48 | loss 0.0165 | acc 0.9955 | val_loss 0.1147 | val_acc 0.9739 | 22.0s
23:24:45  INFO     fold 5 | epoch  49 | loss 0.0048 | acc 0.9984 | val_loss 2.4487 | val_acc 0.7654 | 21.9s
23:25:07  INFO     fold 5 | epoch  50 | loss 0.0062 | acc 0.9981 | val_loss 0.0835 | val_acc 0.9844 | 21.9s
23:25:19  INFO     Fold 5 val accuracy: 0.9868
              precision    recall  f1-score   support

       Music       0.99      0.99      0.99      1404
      Speech       1.00      0.99      0.99      1209
       Other       0.98      0.98      0.98      1180

    accuracy                           0.99      3793
   macro avg       0.99      0.99      0.99      3793
weighted avg       0.99      0.99      0.99      3793

23:25:20  INFO     ============================================================
23:25:20  INFO     CROSS-VALIDATION SUMMARY
23:25:20  INFO       Fold 1: 0.9937
23:25:20  INFO       Fold 2: 0.9897
23:25:20  INFO       Fold 3: 0.9902
23:25:20  INFO       Fold 4: 0.9921
23:25:20  INFO       Fold 5: 0.9868
23:25:20  INFO       Mean:   0.9905
23:25:20  INFO       Std:    0.0023
23:25:20  INFO     CV summary plot saved: models/cv_scratch_split2/cv_summary.png
23:25:20  INFO     Best fold: 1 (val_acc=0.9937) — evaluating on test set
23:26:08  INFO     Test accuracy (best fold): 0.9825
              precision    recall  f1-score   support

       Music       0.97      0.99      0.98       840
      Speech       1.00      0.99      1.00      1104
       Other       0.98      0.97      0.97       976

    accuracy                           0.98      2920
   macro avg       0.98      0.98      0.98      2920
weighted avg       0.98      0.98      0.98      2920

23:26:08  INFO     All outputs saved in: /home/kacper/szum/models/cv_scratch_split2
