20:11:23  INFO     Run 20260526_201123 | split=split2 | model=MODEL2_scratch | epochs=50 | fraction=1.00 | dropout=0.30 | weights=None
20:11:23  INFO     Loading paths from data/split2
20:11:23  INFO     [train]
20:11:23  INFO         Music    6000 segments
20:11:23  INFO         Speech   4940 segments
20:11:23  INFO         Other    4987 segments
20:11:23  INFO     [val]
20:11:23  INFO         Music    1021 segments
20:11:23  INFO         Speech   1105 segments
20:11:23  INFO         Other    916 segments
20:11:23  INFO     [test]
20:11:23  INFO         Music    840 segments
20:11:23  INFO         Speech   1104 segments
20:11:23  INFO         Other    976 segments
20:11:23  INFO     Class weights: {'Music': '0.88', 'Speech': '1.07', 'Other': '1.06'}
20:11:23  INFO     Building tf.data pipelines (mel spectrograms computed on-the-fly + cached)...
20:11:27  INFO     MobileNetV2: all 154 layers trainable (random init)
20:11:27  INFO     Training | train=15927  val=3042  epochs=50
20:16:14  INFO     epoch   1 | loss 0.1543 | acc 0.9526 | val_loss 2.6121 | val_acc 0.3011 | 287.6s
20:16:36  INFO     epoch   2 | loss 0.2005 | acc 0.9481 | val_loss 1.3346 | val_acc 0.3632 | 20.7s
20:16:57  INFO     epoch   3 | loss 0.1556 | acc 0.9579 | val_loss 1.7494 | val_acc 0.3632 | 20.7s
20:17:18  INFO     epoch   4 | loss 0.1414 | acc 0.9630 | val_loss 1.1279 | val_acc 0.3632 | 20.5s
20:17:38  INFO     epoch   5 | loss 0.1176 | acc 0.9677 | val_loss 1.3047 | val_acc 0.3011 | 20.6s
20:17:59  INFO     epoch   6 | loss 0.0810 | acc 0.9760 | val_loss 1.1389 | val_acc 0.3356 | 20.6s
20:18:20  INFO     epoch   7 | loss 0.0700 | acc 0.9799 | val_loss 1.0978 | val_acc 0.3626 | 20.6s
20:18:40  INFO     epoch   8 | loss 0.0622 | acc 0.9824 | val_loss 1.0627 | val_acc 0.5118 | 20.5s
20:19:01  INFO     epoch   9 | loss 0.0697 | acc 0.9799 | val_loss 2.3987 | val_acc 0.3606 | 20.6s
20:19:22  INFO     epoch  10 | loss 0.0680 | acc 0.9805 | val_loss 0.4426 | val_acc 0.8465 | 20.5s
20:19:43  INFO     epoch  11 | loss 0.0572 | acc 0.9829 | val_loss 0.1766 | val_acc 0.9622 | 20.5s
20:20:04  INFO     epoch  12 | loss 0.0382 | acc 0.9895 | val_loss 0.1481 | val_acc 0.9599 | 20.5s
20:20:25  INFO     epoch  13 | loss 0.0328 | acc 0.9905 | val_loss 0.2188 | val_acc 0.9760 | 20.6s
20:20:46  INFO     epoch  14 | loss 0.0337 | acc 0.9898 | val_loss 1.5200 | val_acc 0.7811 | 20.5s
20:21:06  INFO     epoch  15 | loss 0.0372 | acc 0.9889 | val_loss 0.2775 | val_acc 0.9389 | 20.6s
20:21:27  INFO     epoch  16 | loss 0.0310 | acc 0.9911 | val_loss 2.2238 | val_acc 0.7479 | 20.5s
20:21:47  INFO     epoch  17 | loss 0.0263 | acc 0.9931 | val_loss 0.5613 | val_acc 0.9412 | 20.6s
20:22:08  INFO     epoch  18 | loss 0.0415 | acc 0.9888 | val_loss 1.0848 | val_acc 0.7696 | 20.1s
20:22:28  INFO     epoch  19 | loss 0.0362 | acc 0.9895 | val_loss 0.5972 | val_acc 0.9241 | 20.1s
20:22:48  INFO     epoch  20 | loss 0.0242 | acc 0.9927 | val_loss 0.3298 | val_acc 0.9612 | 20.1s
20:23:08  INFO     epoch  21 | loss 0.0356 | acc 0.9903 | val_loss 0.1838 | val_acc 0.9747 | 20.1s
20:23:28  INFO     epoch  22 | loss 0.0259 | acc 0.9925 | val_loss 0.1316 | val_acc 0.9714 | 20.1s
20:23:48  INFO     epoch  23 | loss 0.0208 | acc 0.9941 | val_loss 0.1106 | val_acc 0.9744 | 20.2s
20:24:08  INFO     epoch  24 | loss 0.0196 | acc 0.9943 | val_loss 0.1726 | val_acc 0.9599 | 20.2s
20:24:28  INFO     epoch  25 | loss 0.0166 | acc 0.9955 | val_loss 0.7704 | val_acc 0.9257 | 20.2s
20:24:48  INFO     epoch  26 | loss 0.0189 | acc 0.9949 | val_loss 0.1621 | val_acc 0.9760 | 20.1s
20:25:09  INFO     epoch  27 | loss 0.0123 | acc 0.9965 | val_loss 0.1519 | val_acc 0.9612 | 20.1s
20:25:29  INFO     epoch  28 | loss 0.0180 | acc 0.9954 | val_loss 0.3418 | val_acc 0.9306 | 20.2s
20:25:49  INFO     epoch  29 | loss 0.0251 | acc 0.9927 | val_loss 0.2771 | val_acc 0.9504 | 20.1s
20:26:09  INFO     epoch  30 | loss 0.0110 | acc 0.9967 | val_loss 0.1639 | val_acc 0.9642 | 20.1s
20:26:29  INFO     epoch  31 | loss 0.0151 | acc 0.9959 | val_loss 0.3789 | val_acc 0.9254 | 20.3s
20:26:49  INFO     epoch  32 | loss 0.0153 | acc 0.9957 | val_loss 0.3185 | val_acc 0.9625 | 20.2s
20:27:10  INFO     epoch  33 | loss 0.0128 | acc 0.9959 | val_loss 0.3976 | val_acc 0.9106 | 20.1s
20:27:30  INFO     epoch  34 | loss 0.0102 | acc 0.9969 | val_loss 0.3522 | val_acc 0.9300 | 20.2s
20:27:50  INFO     epoch  35 | loss 0.0126 | acc 0.9960 | val_loss 0.1102 | val_acc 0.9691 | 20.1s
20:28:10  INFO     epoch  36 | loss 0.0113 | acc 0.9962 | val_loss 0.1483 | val_acc 0.9678 | 20.1s
20:28:30  INFO     epoch  37 | loss 0.0097 | acc 0.9974 | val_loss 0.2437 | val_acc 0.9606 | 20.1s
20:28:50  INFO     epoch  38 | loss 0.0153 | acc 0.9954 | val_loss 0.1157 | val_acc 0.9803 | 20.0s
20:29:11  INFO     epoch  39 | loss 0.0045 | acc 0.9988 | val_loss 0.1215 | val_acc 0.9753 | 20.1s
20:29:31  INFO     epoch  40 | loss 0.0086 | acc 0.9975 | val_loss 0.2143 | val_acc 0.9533 | 20.2s
20:29:51  INFO     epoch  41 | loss 0.0154 | acc 0.9957 | val_loss 0.1887 | val_acc 0.9730 | 20.2s
20:30:12  INFO     epoch  42 | loss 0.0087 | acc 0.9976 | val_loss 0.1396 | val_acc 0.9747 | 20.1s
20:30:32  INFO     epoch  43 | loss 0.0068 | acc 0.9976 | val_loss 0.0936 | val_acc 0.9832 | 20.1s
20:30:52  INFO     epoch  44 | loss 0.0090 | acc 0.9970 | val_loss 0.1414 | val_acc 0.9681 | 20.2s
20:31:13  INFO     epoch  45 | loss 0.0141 | acc 0.9958 | val_loss 0.7399 | val_acc 0.8439 | 20.1s
20:31:33  INFO     epoch  46 | loss 0.0085 | acc 0.9974 | val_loss 0.2139 | val_acc 0.9678 | 20.2s
20:31:53  INFO     epoch  47 | loss 0.0054 | acc 0.9982 | val_loss 0.1052 | val_acc 0.9822 | 20.1s
20:32:13  INFO     epoch  48 | loss 0.0087 | acc 0.9975 | val_loss 0.1994 | val_acc 0.9569 | 20.2s
20:32:33  INFO     epoch  49 | loss 0.0050 | acc 0.9986 | val_loss 0.1379 | val_acc 0.9688 | 20.1s
20:32:53  INFO     epoch  50 | loss 0.0020 | acc 0.9996 | val_loss 0.0720 | val_acc 0.9816 | 20.1s
20:33:30  INFO     Test accuracy=0.9743
              precision    recall  f1-score   support

       Music       0.97      0.96      0.96       840
      Speech       0.99      1.00      0.99      1104
       Other       0.96      0.96      0.96       976

    accuracy                           0.97      2920
   macro avg       0.97      0.97      0.97      2920
weighted avg       0.97      0.97      0.97      2920

20:33:31  INFO     Model saved as: models/MODEL2_scratch.keras
20:33:31  INFO     Training curves saved: models/mobilenet_scratch_split2/training_history.png
20:33:32  INFO     Confusion matrix saved: models/mobilenet_scratch_split2/confusion.png
20:33:32  INFO     All outputs saved in: /home/kacper/szum/models/mobilenet_scratch_split2
