19:37:09  INFO     Run 20260526_193709 | split=split1 | model=MODEL1 | epochs=10 | fraction=0.10 | dropout=0.00 | frozen=0
19:37:09  INFO     Loading paths from data/split1
19:37:09  INFO     [train]
19:37:09  INFO         Music    4833 segments
19:37:09  INFO         Speech   4929 segments
19:37:09  INFO         Other    4640 segments
19:37:09  INFO     [val]
19:37:09  INFO         Music    1021 segments
19:37:09  INFO         Speech   1105 segments
19:37:09  INFO         Other    916 segments
19:37:09  INFO     [test]
19:37:09  INFO         Music    840 segments
19:37:09  INFO         Speech   1104 segments
19:37:09  INFO         Other    976 segments
19:37:09  INFO     Subsampled train set to 1440 files (fraction=0.10)
19:37:09  INFO     Class weights: {'Music': '1.03', 'Speech': '0.99', 'Other': '0.98'}
19:37:09  INFO     Building tf.data pipelines (mel spectrograms computed on-the-fly + cached)...
19:37:11  INFO     MobileNetV2: 154/154 layers trainable
19:37:11  INFO     Training | train=1440  val=3042  epochs=10
19:39:11  INFO     epoch   1 | loss 0.2759 | acc 0.9160 | val_loss 13.5073 | val_acc 0.4389 | 119.3s
