20:55:32  INFO     Run 20260526_205532 | split=split3 | model=MODEL3_scratch | epochs=50 | fraction=1.00 | dropout=0.30 | weights=None
20:55:32  INFO     Loading paths from data/split3
20:55:32  INFO     [train]
20:55:32  INFO         Music    5142 segments
20:55:32  INFO         Speech   4940 segments
20:55:32  INFO         Other    4987 segments
20:55:32  INFO     [val]
20:55:32  INFO         Music    1047 segments
20:55:32  INFO         Speech   1104 segments
20:55:32  INFO         Other    1043 segments
20:55:32  INFO     [test]
20:55:32  INFO         Music    840 segments
20:55:32  INFO         Speech   1104 segments
20:55:32  INFO         Other    976 segments
20:55:32  INFO     Class weights: {'Music': '0.98', 'Speech': '1.02', 'Other': '1.01'}
20:55:32  INFO     Building tf.data pipelines (mel spectrograms computed on-the-fly + cached)...
20:55:35  INFO     MobileNetV2: all 154 layers trainable (random init)
20:55:35  INFO     Training | train=15069  val=3194  epochs=50
21:07:07  INFO     epoch   1 | loss 0.1825 | acc 0.9423 | val_loss 2.6645 | val_acc 0.3265 | 691.5s
21:07:35  INFO     epoch   2 | loss 0.2158 | acc 0.9444 | val_loss 1.2695 | val_acc 0.3265 | 27.4s
21:08:03  INFO     epoch   3 | loss 0.1465 | acc 0.9609 | val_loss 1.3764 | val_acc 0.3456 | 27.5s
21:08:32  INFO     epoch   4 | loss 0.2008 | acc 0.9430 | val_loss 1.3590 | val_acc 0.3265 | 28.5s
21:08:59  INFO     epoch   5 | loss 0.1854 | acc 0.9470 | val_loss 1.1857 | val_acc 0.3265 | 27.6s
21:09:27  INFO     epoch   6 | loss 0.1725 | acc 0.9503 | val_loss 1.4389 | val_acc 0.3265 | 27.3s
21:09:54  INFO     epoch   7 | loss 0.1354 | acc 0.9614 | val_loss 1.6679 | val_acc 0.3265 | 27.5s
21:10:23  INFO     epoch   8 | loss 0.1217 | acc 0.9643 | val_loss 2.5380 | val_acc 0.3265 | 28.6s
21:10:50  INFO     epoch   9 | loss 0.0999 | acc 0.9713 | val_loss 1.7508 | val_acc 0.3820 | 27.2s
21:11:18  INFO     epoch  10 | loss 0.0743 | acc 0.9778 | val_loss 0.6154 | val_acc 0.7755 | 27.3s
21:11:46  INFO     epoch  11 | loss 0.0649 | acc 0.9810 | val_loss 0.0987 | val_acc 0.9753 | 27.5s
21:12:14  INFO     epoch  12 | loss 0.0701 | acc 0.9805 | val_loss 0.1931 | val_acc 0.9224 | 27.7s
21:12:42  INFO     epoch  13 | loss 0.0480 | acc 0.9865 | val_loss 0.3840 | val_acc 0.9205 | 27.7s
21:13:10  INFO     epoch  14 | loss 0.0624 | acc 0.9835 | val_loss 0.1871 | val_acc 0.9652 | 27.8s
21:13:38  INFO     epoch  15 | loss 0.0389 | acc 0.9887 | val_loss 0.6815 | val_acc 0.8970 | 27.9s
21:14:06  INFO     epoch  16 | loss 0.0345 | acc 0.9898 | val_loss 0.8613 | val_acc 0.8804 | 28.6s
21:14:34  INFO     epoch  17 | loss 0.0487 | acc 0.9881 | val_loss 0.6334 | val_acc 0.8228 | 27.7s
21:15:03  INFO     epoch  18 | loss 0.0700 | acc 0.9822 | val_loss 0.5183 | val_acc 0.8635 | 28.3s
21:15:30  INFO     epoch  19 | loss 0.0311 | acc 0.9910 | val_loss 0.2106 | val_acc 0.9662 | 27.7s
21:15:57  INFO     epoch  20 | loss 0.0247 | acc 0.9934 | val_loss 0.3284 | val_acc 0.9014 | 27.2s
21:16:26  INFO     epoch  21 | loss 0.0203 | acc 0.9950 | val_loss 0.3791 | val_acc 0.8970 | 29.0s
21:16:54  INFO     epoch  22 | loss 0.0214 | acc 0.9948 | val_loss 0.0639 | val_acc 0.9837 | 27.5s
21:17:23  INFO     epoch  23 | loss 0.0218 | acc 0.9938 | val_loss 0.1629 | val_acc 0.9678 | 28.0s
21:17:52  INFO     epoch  24 | loss 0.0196 | acc 0.9942 | val_loss 0.4485 | val_acc 0.9452 | 29.5s
21:18:20  INFO     epoch  25 | loss 0.0265 | acc 0.9923 | val_loss 0.6281 | val_acc 0.9095 | 27.9s
21:18:48  INFO     epoch  26 | loss 0.0221 | acc 0.9938 | val_loss 1.3376 | val_acc 0.8989 | 28.2s
21:19:16  INFO     epoch  27 | loss 0.0192 | acc 0.9948 | val_loss 0.1607 | val_acc 0.9696 | 27.7s
21:19:43  INFO     epoch  28 | loss 0.0125 | acc 0.9964 | val_loss 0.0414 | val_acc 0.9931 | 27.5s
21:20:12  INFO     epoch  29 | loss 0.0111 | acc 0.9964 | val_loss 0.0920 | val_acc 0.9768 | 27.7s
21:20:39  INFO     epoch  30 | loss 0.0185 | acc 0.9944 | val_loss 0.4190 | val_acc 0.9299 | 27.3s
21:21:07  INFO     epoch  31 | loss 0.0201 | acc 0.9937 | val_loss 0.2266 | val_acc 0.9646 | 28.4s
21:21:32  INFO     epoch  32 | loss 0.0147 | acc 0.9954 | val_loss 0.0567 | val_acc 0.9872 | 24.5s
21:21:59  INFO     epoch  33 | loss 0.0082 | acc 0.9974 | val_loss 0.0880 | val_acc 0.9815 | 27.6s
21:22:27  INFO     epoch  34 | loss 0.0117 | acc 0.9967 | val_loss 0.2071 | val_acc 0.9499 | 27.8s
21:22:55  INFO     epoch  35 | loss 0.0105 | acc 0.9971 | val_loss 0.3128 | val_acc 0.9349 | 27.9s
21:23:23  INFO     epoch  36 | loss 0.0170 | acc 0.9958 | val_loss 0.1612 | val_acc 0.9599 | 28.1s
21:23:51  INFO     epoch  37 | loss 0.0097 | acc 0.9967 | val_loss 0.6373 | val_acc 0.8735 | 27.5s
21:24:20  INFO     epoch  38 | loss 0.0093 | acc 0.9968 | val_loss 0.0281 | val_acc 0.9894 | 28.9s
21:24:47  INFO     epoch  39 | loss 0.0068 | acc 0.9973 | val_loss 0.0497 | val_acc 0.9828 | 27.6s
21:25:15  INFO     epoch  40 | loss 0.0096 | acc 0.9971 | val_loss 0.2446 | val_acc 0.9487 | 27.7s
21:25:43  INFO     epoch  41 | loss 0.0124 | acc 0.9962 | val_loss 0.0806 | val_acc 0.9790 | 27.5s
21:26:10  INFO     epoch  42 | loss 0.0119 | acc 0.9967 | val_loss 0.0673 | val_acc 0.9784 | 27.8s
21:26:38  INFO     epoch  43 | loss 0.0047 | acc 0.9985 | val_loss 0.0565 | val_acc 0.9828 | 27.7s
21:27:06  INFO     epoch  44 | loss 0.0084 | acc 0.9975 | val_loss 0.1070 | val_acc 0.9712 | 28.0s
21:27:34  INFO     epoch  45 | loss 0.0105 | acc 0.9963 | val_loss 0.4466 | val_acc 0.9271 | 27.7s
21:28:02  INFO     epoch  46 | loss 0.0123 | acc 0.9962 | val_loss 0.0496 | val_acc 0.9878 | 27.9s
21:28:30  INFO     epoch  47 | loss 0.0054 | acc 0.9985 | val_loss 0.0147 | val_acc 0.9962 | 28.1s
21:28:57  INFO     epoch  48 | loss 0.0076 | acc 0.9973 | val_loss 0.1043 | val_acc 0.9737 | 26.0s
21:29:18  INFO     epoch  49 | loss 0.0071 | acc 0.9975 | val_loss 0.0434 | val_acc 0.9843 | 21.7s
21:29:39  INFO     epoch  50 | loss 0.0206 | acc 0.9942 | val_loss 0.7077 | val_acc 0.9230 | 20.7s
21:30:29  INFO     Test accuracy=0.8846
              precision    recall  f1-score   support

       Music       0.87      0.87      0.87       840
      Speech       0.84      1.00      0.91      1104
       Other       0.99      0.77      0.87       976

    accuracy                           0.88      2920
   macro avg       0.90      0.88      0.88      2920
weighted avg       0.90      0.88      0.88      2920

21:30:30  INFO     Model saved as: models/MODEL3_scratch.keras
21:30:31  INFO     Training curves saved: models/mobilenet_scratch_split3/training_history.png
21:30:31  INFO     Confusion matrix saved: models/mobilenet_scratch_split3/confusion.png
21:30:31  INFO     All outputs saved in: /home/kacper/szum/models/mobilenet_scratch_split3
